Component: ARM Compiler 5.06 update 6 (build 750) Tool: armlink [4d35ed]

==============================================================================

Section Cross References

    startup_stm32f40_41xxx.o(RESET) refers to startup_stm32f40_41xxx.o(STACK) for __initial_sp
    startup_stm32f40_41xxx.o(RESET) refers to startup_stm32f40_41xxx.o(.text) for Reset_Handler
    startup_stm32f40_41xxx.o(RESET) refers to stm32f4xx_it.o(i.NMI_Handler) for NMI_Handler
    startup_stm32f40_41xxx.o(RESET) refers to stm32f4xx_it.o(i.HardFault_Handler) for HardFault_Handler
    startup_stm32f40_41xxx.o(RESET) refers to stm32f4xx_it.o(i.MemManage_Handler) for MemManage_Handler
    startup_stm32f40_41xxx.o(RESET) refers to stm32f4xx_it.o(i.BusFault_Handler) for BusFault_Handler
    startup_stm32f40_41xxx.o(RESET) refers to stm32f4xx_it.o(i.UsageFault_Handler) for UsageFault_Handler
    startup_stm32f40_41xxx.o(RESET) refers to stm32f4xx_it.o(i.SVC_Handler) for SVC_Handler
    startup_stm32f40_41xxx.o(RESET) refers to stm32f4xx_it.o(i.DebugMon_Handler) for DebugMon_Handler
    startup_stm32f40_41xxx.o(RESET) refers to stm32f4xx_it.o(i.PendSV_Handler) for PendSV_Handler
    startup_stm32f40_41xxx.o(RESET) refers to stm32f4xx_it.o(i.SysTick_Handler) for SysTick_Handler
    startup_stm32f40_41xxx.o(RESET) refers to but_eint.o(i.EXTI9_5_IRQHandler) for EXTI9_5_IRQHandler
    startup_stm32f40_41xxx.o(.text) refers to system_stm32f4xx.o(i.SystemInit) for SystemInit
    startup_stm32f40_41xxx.o(.text) refers to entry.o(.ARM.Collect$$$$00000000) for __main
    system_stm32f4xx.o(i.SystemCoreClockUpdate) refers to system_stm32f4xx.o(.data) for SystemCoreClock
    system_stm32f4xx.o(i.SystemInit) refers to system_stm32f4xx.o(i.SetSysClock) for SetSysClock
    stm32f4xx_gpio.o(i.GPIO_DeInit) refers to stm32f4xx_rcc.o(i.RCC_AHB1PeriphResetCmd) for RCC_AHB1PeriphResetCmd
    stm32f4xx_usart.o(i.USART_DeInit) refers to stm32f4xx_rcc.o(i.RCC_APB2PeriphResetCmd) for RCC_APB2PeriphResetCmd
    stm32f4xx_usart.o(i.USART_DeInit) refers to stm32f4xx_rcc.o(i.RCC_APB1PeriphResetCmd) for RCC_APB1PeriphResetCmd
    stm32f4xx_usart.o(i.USART_Init) refers to stm32f4xx_rcc.o(i.RCC_GetClocksFreq) for RCC_GetClocksFreq
    stm32f4xx_rcc.o(i.RCC_GetClocksFreq) refers to stm32f4xx_rcc.o(.data) for APBAHBPrescTable
    stm32f4xx_rcc.o(i.RCC_WaitForHSEStartUp) refers to stm32f4xx_rcc.o(i.RCC_GetFlagStatus) for RCC_GetFlagStatus
    stm32f4xx_adc.o(i.ADC_DeInit) refers to stm32f4xx_rcc.o(i.RCC_APB2PeriphResetCmd) for RCC_APB2PeriphResetCmd
    stm32f4xx_i2c.o(i.I2C_DeInit) refers to stm32f4xx_rcc.o(i.RCC_APB1PeriphResetCmd) for RCC_APB1PeriphResetCmd
    stm32f4xx_i2c.o(i.I2C_Init) refers to stm32f4xx_rcc.o(i.RCC_GetClocksFreq) for RCC_GetClocksFreq
    stm32f4xx_rtc.o(i.RTC_CoarseCalibCmd) refers to stm32f4xx_rtc.o(i.RTC_EnterInitMode) for RTC_EnterInitMode
    stm32f4xx_rtc.o(i.RTC_CoarseCalibCmd) refers to stm32f4xx_rtc.o(i.RTC_ExitInitMode) for RTC_ExitInitMode
    stm32f4xx_rtc.o(i.RTC_CoarseCalibConfig) refers to stm32f4xx_rtc.o(i.RTC_EnterInitMode) for RTC_EnterInitMode
    stm32f4xx_rtc.o(i.RTC_CoarseCalibConfig) refers to stm32f4xx_rtc.o(i.RTC_ExitInitMode) for RTC_ExitInitMode
    stm32f4xx_rtc.o(i.RTC_DeInit) refers to stm32f4xx_rtc.o(i.RTC_EnterInitMode) for RTC_EnterInitMode
    stm32f4xx_rtc.o(i.RTC_DeInit) refers to stm32f4xx_rtc.o(i.RTC_WaitForSynchro) for RTC_WaitForSynchro
    stm32f4xx_rtc.o(i.RTC_GetAlarm) refers to stm32f4xx_rtc.o(i.RTC_Bcd2ToByte) for RTC_Bcd2ToByte
    stm32f4xx_rtc.o(i.RTC_GetDate) refers to stm32f4xx_rtc.o(i.RTC_Bcd2ToByte) for RTC_Bcd2ToByte
    stm32f4xx_rtc.o(i.RTC_GetTime) refers to stm32f4xx_rtc.o(i.RTC_Bcd2ToByte) for RTC_Bcd2ToByte
    stm32f4xx_rtc.o(i.RTC_GetTimeStamp) refers to stm32f4xx_rtc.o(i.RTC_Bcd2ToByte) for RTC_Bcd2ToByte
    stm32f4xx_rtc.o(i.RTC_Init) refers to stm32f4xx_rtc.o(i.RTC_EnterInitMode) for RTC_EnterInitMode
    stm32f4xx_rtc.o(i.RTC_Init) refers to stm32f4xx_rtc.o(i.RTC_ExitInitMode) for RTC_ExitInitMode
    stm32f4xx_rtc.o(i.RTC_RefClockCmd) refers to stm32f4xx_rtc.o(i.RTC_EnterInitMode) for RTC_EnterInitMode
    stm32f4xx_rtc.o(i.RTC_RefClockCmd) refers to stm32f4xx_rtc.o(i.RTC_ExitInitMode) for RTC_ExitInitMode
    stm32f4xx_rtc.o(i.RTC_SetAlarm) refers to stm32f4xx_rtc.o(i.RTC_Bcd2ToByte) for RTC_Bcd2ToByte
    stm32f4xx_rtc.o(i.RTC_SetAlarm) refers to stm32f4xx_rtc.o(i.RTC_ByteToBcd2) for RTC_ByteToBcd2
    stm32f4xx_rtc.o(i.RTC_SetDate) refers to stm32f4xx_rtc.o(i.RTC_Bcd2ToByte) for RTC_Bcd2ToByte
    stm32f4xx_rtc.o(i.RTC_SetDate) refers to stm32f4xx_rtc.o(i.RTC_ByteToBcd2) for RTC_ByteToBcd2
    stm32f4xx_rtc.o(i.RTC_SetDate) refers to stm32f4xx_rtc.o(i.RTC_EnterInitMode) for RTC_EnterInitMode
    stm32f4xx_rtc.o(i.RTC_SetDate) refers to stm32f4xx_rtc.o(i.RTC_ExitInitMode) for RTC_ExitInitMode
    stm32f4xx_rtc.o(i.RTC_SetDate) refers to stm32f4xx_rtc.o(i.RTC_WaitForSynchro) for RTC_WaitForSynchro
[...]
    Removing stm32f4xx_adc.o(i.ADC_ITConfig), (32 bytes).
    Removing stm32f4xx_adc.o(i.ADC_InjectedChannelConfig), (130 bytes).
    Removing stm32f4xx_adc.o(i.ADC_InjectedDiscModeCmd), (22 bytes).
    Removing stm32f4xx_adc.o(i.ADC_InjectedSequencerLengthConfig), (24 bytes).
    Removing stm32f4xx_adc.o(i.ADC_MultiModeDMARequestAfterLastTransferCmd), (44 bytes).
    Removing stm32f4xx_adc.o(i.ADC_SetInjectedOffset), (20 bytes).
    Removing stm32f4xx_adc.o(i.ADC_SoftwareStartInjectedConv), (10 bytes).
    Removing stm32f4xx_adc.o(i.ADC_StructInit), (20 bytes).
    Removing stm32f4xx_adc.o(i.ADC_TempSensorVrefintCmd), (44 bytes).
    Removing stm32f4xx_adc.o(i.ADC_VBATCmd), (44 bytes).
    Removing stm32f4xx_exti.o(.rev16_text), (4 bytes).
    Removing stm32f4xx_exti.o(.revsh_text), (4 bytes).
    Removing stm32f4xx_exti.o(.rrx_text), (6 bytes).
    Removing stm32f4xx_exti.o(i.EXTI_ClearFlag), (12 bytes).
    Removing stm32f4xx_exti.o(i.EXTI_DeInit), (36 bytes).
    Removing stm32f4xx_exti.o(i.EXTI_GenerateSWInterrupt), (16 bytes).
    Removing stm32f4xx_exti.o(i.EXTI_GetFlagStatus), (24 bytes).
    Removing stm32f4xx_exti.o(i.EXTI_Init), (148 bytes).
    Removing stm32f4xx_exti.o(i.EXTI_StructInit), (16 bytes).
    Removing stm32f4xx_i2c.o(.rev16_text), (4 bytes).
    Removing stm32f4xx_i2c.o(.revsh_text), (4 bytes).
    Removing stm32f4xx_i2c.o(.rrx_text), (6 bytes).
    Removing stm32f4xx_i2c.o(i.I2C_ARPCmd), (24 bytes).
    Removing stm32f4xx_i2c.o(i.I2C_AcknowledgeConfig), (24 bytes).
    Removing stm32f4xx_i2c.o(i.I2C_AnalogFilterCmd), (24 bytes).
    Removing stm32f4xx_i2c.o(i.I2C_CalculatePEC), (24 bytes).
    Removing stm32f4xx_i2c.o(i.I2C_CheckEvent), (42 bytes).
    Removing stm32f4xx_i2c.o(i.I2C_ClearFlag), (12 bytes).
    Removing stm32f4xx_i2c.o(i.I2C_ClearITPendingBit), (12 bytes).
    Removing stm32f4xx_i2c.o(i.I2C_Cmd), (24 bytes).
    Removing stm32f4xx_i2c.o(i.I2C_DMACmd), (24 bytes).
    Removing stm32f4xx_i2c.o(i.I2C_DMALastTransferCmd), (24 bytes).
    Removing stm32f4xx_i2c.o(i.I2C_DeInit), (96 bytes).
    Removing stm32f4xx_i2c.o(i.I2C_DigitalFilterConfig), (22 bytes).
    Removing stm32f4xx_i2c.o(i.I2C_DualAddressCmd), (24 bytes).
    Removing stm32f4xx_i2c.o(i.I2C_FastModeDutyCycleConfig), (28 bytes).
    Removing stm32f4xx_i2c.o(i.I2C_GeneralCallCmd), (24 bytes).
    Removing stm32f4xx_i2c.o(i.I2C_GenerateSTART), (24 bytes).
    Removing stm32f4xx_i2c.o(i.I2C_GenerateSTOP), (24 bytes).
    Removing stm32f4xx_i2c.o(i.I2C_GetFlagStatus), (58 bytes).
    Removing stm32f4xx_i2c.o(i.I2C_GetITStatus), (38 bytes).
    Removing stm32f4xx_i2c.o(i.I2C_GetLastEvent), (26 bytes).
    Removing stm32f4xx_i2c.o(i.I2C_GetPEC), (8 bytes).
    Removing stm32f4xx_i2c.o(i.I2C_ITConfig), (18 bytes).
    Removing stm32f4xx_i2c.o(i.I2C_Init), (232 bytes).
    Removing stm32f4xx_i2c.o(i.I2C_NACKPositionConfig), (28 bytes).
    Removing stm32f4xx_i2c.o(i.I2C_OwnAddress2Config), (22 bytes).
    Removing stm32f4xx_i2c.o(i.I2C_PECPositionConfig), (28 bytes).
    Removing stm32f4xx_i2c.o(i.I2C_ReadRegister), (22 bytes).
    Removing stm32f4xx_i2c.o(i.I2C_ReceiveData), (8 bytes).
    Removing stm32f4xx_i2c.o(i.I2C_SMBusAlertConfig), (28 bytes).
    Removing stm32f4xx_i2c.o(i.I2C_Send7bitAddress), (16 bytes).
    Removing stm32f4xx_i2c.o(i.I2C_SendData), (4 bytes).
    Removing stm32f4xx_i2c.o(i.I2C_SoftwareResetCmd), (22 bytes).
    Removing stm32f4xx_i2c.o(i.I2C_StretchClockCmd), (24 bytes).
    Removing stm32f4xx_i2c.o(i.I2C_StructInit), (30 bytes).
    Removing stm32f4xx_i2c.o(i.I2C_TransmitPEC), (24 bytes).
    Removing stm32f4xx_rtc.o(.rev16_text), (4 bytes).
    Removing stm32f4xx_rtc.o(.revsh_text), (4 bytes).
    Removing stm32f4xx_rtc.o(.rrx_text), (6 bytes).
    Removing stm32f4xx_rtc.o(i.RTC_AlarmCmd), (116 bytes).
    Removing stm32f4xx_rtc.o(i.RTC_AlarmStructInit), (22 bytes).
    Removing stm32f4xx_rtc.o(i.RTC_AlarmSubSecondConfig), (52 bytes).
    Removing stm32f4xx_rtc.o(i.RTC_BypassShadowCmd), (60 bytes).
    Removing stm32f4xx_rtc.o(i.RTC_CalibOutputCmd), (60 bytes).
    Removing stm32f4xx_rtc.o(i.RTC_CalibOutputConfig), (48 bytes).
    Removing stm32f4xx_rtc.o(i.RTC_ClearFlag), (28 bytes).
    Removing stm32f4xx_rtc.o(i.RTC_ClearITPendingBit), (32 bytes).
    Removing stm32f4xx_rtc.o(i.RTC_CoarseCalibCmd), (80 bytes).
    Removing stm32f4xx_rtc.o(i.RTC_CoarseCalibConfig), (56 bytes).
    Removing stm32f4xx_rtc.o(i.RTC_DateStructInit), (14 bytes).
    Removing stm32f4xx_rtc.o(i.RTC_DayLightSavingConfig), (56 bytes).
    Removing stm32f4xx_rtc.o(i.RTC_DeInit), (212 bytes).
    Removing stm32f4xx_rtc.o(i.RTC_GetAlarm), (116 bytes).
    Removing stm32f4xx_rtc.o(i.RTC_GetAlarmSubSecond), (36 bytes).
    Removing stm32f4xx_rtc.o(i.RTC_GetFlagStatus), (40 bytes).
    Removing stm32f4xx_rtc.o(i.RTC_GetITStatus), (68 bytes).
    Removing stm32f4xx_rtc.o(i.RTC_GetStoreOperation), (16 bytes).
    Removing stm32f4xx_rtc.o(i.RTC_GetSubSecond), (20 bytes).
    Removing stm32f4xx_rtc.o(i.RTC_GetTimeStamp), (156 bytes).
    Removing stm32f4xx_rtc.o(i.RTC_GetTimeStampSubSecond), (12 bytes).
    Removing stm32f4xx_rtc.o(i.RTC_GetWakeUpCounter), (12 bytes).
    Removing stm32f4xx_rtc.o(i.RTC_ITConfig), (100 bytes).
    Removing stm32f4xx_rtc.o(i.RTC_OutputConfig), (56 bytes).
    Removing stm32f4xx_rtc.o(i.RTC_OutputTypeConfig), (28 bytes).
    Removing stm32f4xx_rtc.o(i.RTC_RefClockCmd), (80 bytes).
    Removing stm32f4xx_rtc.o(i.RTC_SetAlarm), (236 bytes).
    Removing stm32f4xx_rtc.o(i.RTC_SetWakeUpCounter), (28 bytes).
    Removing stm32f4xx_rtc.o(i.RTC_SmoothCalibConfig), (96 bytes).
    Removing stm32f4xx_rtc.o(i.RTC_StructInit), (14 bytes).
    Removing stm32f4xx_rtc.o(i.RTC_SynchroShiftConfig), (124 bytes).
    Removing stm32f4xx_rtc.o(i.RTC_TamperCmd), (32 bytes).
    Removing stm32f4xx_rtc.o(i.RTC_TamperFilterConfig), (28 bytes).
    Removing stm32f4xx_rtc.o(i.RTC_TamperPinSelection), (28 bytes).
    Removing stm32f4xx_rtc.o(i.RTC_TamperPinsPrechargeDuration), (28 bytes).
    Removing stm32f4xx_rtc.o(i.RTC_TamperPullUpCmd), (36 bytes).
    Removing stm32f4xx_rtc.o(i.RTC_TamperSamplingFreqConfig), (28 bytes).
    Removing stm32f4xx_rtc.o(i.RTC_TamperTriggerConfig), (36 bytes).
    Removing stm32f4xx_rtc.o(i.RTC_TimeStampCmd), (56 bytes).
    Removing stm32f4xx_rtc.o(i.RTC_TimeStampOnTamperDetectionCmd), (36 bytes).
    Removing stm32f4xx_rtc.o(i.RTC_TimeStampPinSelection), (28 bytes).
    Removing stm32f4xx_rtc.o(i.RTC_TimeStructInit), (12 bytes).
    Removing stm32f4xx_rtc.o(i.RTC_WakeUpClockConfig), (48 bytes).
    Removing stm32f4xx_rtc.o(i.RTC_WakeUpCmd), (120 bytes).
    Removing stm32f4xx_rtc.o(i.RTC_WriteProtectionCmd), (28 bytes).
    Removing stm32f4xx_iwdg.o(.rev16_text), (4 bytes).
    Removing stm32f4xx_iwdg.o(.revsh_text), (4 bytes).
    Removing stm32f4xx_iwdg.o(.rrx_text), (6 bytes).
    Removing stm32f4xx_iwdg.o(i.IWDG_Enable), (16 bytes).
    Removing stm32f4xx_iwdg.o(i.IWDG_GetFlagStatus), (24 bytes).
    Removing stm32f4xx_iwdg.o(i.IWDG_ReloadCounter), (16 bytes).
    Removing stm32f4xx_iwdg.o(i.IWDG_SetPrescaler), (12 bytes).
    Removing stm32f4xx_iwdg.o(i.IWDG_SetReload), (12 bytes).
    Removing stm32f4xx_iwdg.o(i.IWDG_WriteAccessCmd), (12 bytes).
    Removing stm32f4xx_fsmc.o(.rev16_text), (4 bytes).
    Removing stm32f4xx_fsmc.o(.revsh_text), (4 bytes).
    Removing stm32f4xx_fsmc.o(.rrx_text), (6 bytes).
    Removing stm32f4xx_fsmc.o(i.FSMC_ClearFlag), (64 bytes).
    Removing stm32f4xx_fsmc.o(i.FSMC_ClearITPendingBit), (72 bytes).
    Removing stm32f4xx_fsmc.o(i.FSMC_GetECC), (28 bytes).
    Removing stm32f4xx_fsmc.o(i.FSMC_GetFlagStatus), (56 bytes).
    Removing stm32f4xx_fsmc.o(i.FSMC_GetITStatus), (68 bytes).
    Removing stm32f4xx_fsmc.o(i.FSMC_ITConfig), (128 bytes).
    Removing stm32f4xx_fsmc.o(i.FSMC_NANDCmd), (92 bytes).
    Removing stm32f4xx_fsmc.o(i.FSMC_NANDDeInit), (68 bytes).
    Removing stm32f4xx_fsmc.o(i.FSMC_NANDECCCmd), (92 bytes).
    Removing stm32f4xx_fsmc.o(i.FSMC_NANDInit), (212 bytes).
    Removing stm32f4xx_fsmc.o(i.FSMC_NANDStructInit), (54 bytes).
    Removing stm32f4xx_fsmc.o(i.FSMC_NORSRAMDeInit), (54 bytes).
    Removing stm32f4xx_fsmc.o(i.FSMC_NORSRAMStructInit), (52 bytes).
    Removing stm32f4xx_fsmc.o(i.FSMC_PCCARDCmd), (48 bytes).
    Removing stm32f4xx_fsmc.o(i.FSMC_PCCARDDeInit), (40 bytes).
    Removing stm32f4xx_fsmc.o(i.FSMC_PCCARDInit), (196 bytes).
    Removing stm32f4xx_fsmc.o(i.FSMC_PCCARDStructInit), (60 bytes).
    Removing stm32f4xx_fsmc.o(.constdata), (28 bytes).
    Removing stm32f4xx_syscfg.o(.rev16_text), (4 bytes).
    Removing stm32f4xx_syscfg.o(.revsh_text), (4 bytes).
    Removing stm32f4xx_syscfg.o(.rrx_text), (6 bytes).
    Removing stm32f4xx_syscfg.o(i.SYSCFG_CompensationCellCmd), (12 bytes).
    Removing stm32f4xx_syscfg.o(i.SYSCFG_DeInit), (22 bytes).
    Removing stm32f4xx_syscfg.o(i.SYSCFG_ETH_MediaInterfaceConfig), (12 bytes).
    Removing stm32f4xx_syscfg.o(i.SYSCFG_EXTILineConfig), (64 bytes).
    Removing stm32f4xx_syscfg.o(i.SYSCFG_GetCompensationCellStatus), (24 bytes).
    Removing stm32f4xx_syscfg.o(i.SYSCFG_MemoryRemapConfig), (12 bytes).
    Removing stm32f4xx_syscfg.o(i.SYSCFG_MemorySwappingBank), (12 bytes).
    Removing stm32f4xx_pwr.o(.rev16_text), (4 bytes).
    Removing stm32f4xx_pwr.o(.revsh_text), (4 bytes).
    Removing stm32f4xx_pwr.o(.rrx_text), (6 bytes).
    Removing stm32f4xx_pwr.o(i.PWR_BackupRegulatorCmd), (12 bytes).
    Removing stm32f4xx_pwr.o(i.PWR_ClearFlag), (20 bytes).
    Removing stm32f4xx_pwr.o(i.PWR_DeInit), (22 bytes).
    Removing stm32f4xx_pwr.o(i.PWR_EnterSTANDBYMode), (40 bytes).
    Removing stm32f4xx_pwr.o(i.PWR_EnterSTOPMode), (68 bytes).
    Removing stm32f4xx_pwr.o(i.PWR_EnterUnderDriveSTOPMode), (68 bytes).
    Removing stm32f4xx_pwr.o(i.PWR_FlashPowerDownCmd), (12 bytes).
    Removing stm32f4xx_pwr.o(i.PWR_GetFlagStatus), (24 bytes).
    Removing stm32f4xx_pwr.o(i.PWR_MainRegulatorModeConfig), (24 bytes).
    Removing stm32f4xx_pwr.o(i.PWR_OverDriveCmd), (12 bytes).
    Removing stm32f4xx_pwr.o(i.PWR_OverDriveSWCmd), (12 bytes).
    Removing stm32f4xx_pwr.o(i.PWR_PVDCmd), (12 bytes).
    Removing stm32f4xx_pwr.o(i.PWR_PVDLevelConfig), (24 bytes).
    Removing stm32f4xx_pwr.o(i.PWR_UnderDriveCmd), (36 bytes).
    Removing stm32f4xx_pwr.o(i.PWR_WakeUpPinCmd), (12 bytes).
    Removing led.o(.rev16_text), (4 bytes).
    Removing led.o(.revsh_text), (4 bytes).
    Removing led.o(.rrx_text), (6 bytes).
    Removing led.o(i.led_off), (60 bytes).
    Removing led.o(i.led_test), (44 bytes).
    Removing bsp_usart.o(.rev16_text), (4 bytes).
    Removing bsp_usart.o(.revsh_text), (4 bytes).
    Removing bsp_usart.o(.rrx_text), (6 bytes).
    Removing bsp_usart.o(i.fgetc), (32 bytes).
    Removing button.o(.rev16_text), (4 bytes).
    Removing button.o(.revsh_text), (4 bytes).
    Removing button.o(.rrx_text), (6 bytes).
    Removing but_eint.o(.rev16_text), (4 bytes).
    Removing but_eint.o(.revsh_text), (4 bytes).
    Removing but_eint.o(.rrx_text), (6 bytes).
    Removing but_eint.o(i.eint_init), (168 bytes).
    Removing but_eint.o(i.set_eint_handler), (36 bytes).
    Removing buzzer.o(.rev16_text), (4 bytes).
    Removing buzzer.o(.revsh_text), (4 bytes).
    Removing buzzer.o(.rrx_text), (6 bytes).
    Removing buzzer.o(i.buzzer_off), (16 bytes).
    Removing buzzer.o(i.buzzer_on), (16 bytes).
    Removing dht.o(.rev16_text), (4 bytes).
    Removing dht.o(.revsh_text), (4 bytes).
    Removing dht.o(.rrx_text), (6 bytes).
    Removing ds_gpio.o(.rev16_text), (4 bytes).
    Removing ds_gpio.o(.revsh_text), (4 bytes).
    Removing ds_gpio.o(.rrx_text), (6 bytes).
    Removing ds18b20.o(.rev16_text), (4 bytes).
    Removing ds18b20.o(.revsh_text), (4 bytes).
    Removing ds18b20.o(.rrx_text), (6 bytes).
    Removing iwdg.o(.rev16_text), (4 bytes).
    Removing iwdg.o(.revsh_text), (4 bytes).
    Removing iwdg.o(.rrx_text), (6 bytes).
    Removing iwdg.o(i.feed_dog), (8 bytes).
    Removing iwdg.o(i.iwdg_init), (34 bytes).
    Removing adc_pm.o(.rev16_text), (4 bytes).
    Removing adc_pm.o(.revsh_text), (4 bytes).
    Removing adc_pm.o(.rrx_text), (6 bytes).
    Removing pm.o(.rev16_text), (4 bytes).
    Removing pm.o(.revsh_text), (4 bytes).
    Removing pm.o(.rrx_text), (6 bytes).
    Removing relay.o(.rev16_text), (4 bytes).
    Removing relay.o(.revsh_text), (4 bytes).
    Removing relay.o(.rrx_text), (6 bytes).
    Removing relay.o(i.relay_off), (52 bytes).
    Removing rtc.o(.rev16_text), (4 bytes).
    Removing rtc.o(.revsh_text), (4 bytes).
    Removing rtc.o(.rrx_text), (6 bytes).
    Removing systick.o(.rev16_text), (4 bytes).
    Removing systick.o(.revsh_text), (4 bytes).
    Removing systick.o(.rrx_text), (6 bytes).
    Removing at24c02.o(.rev16_text), (4 bytes).
    Removing at24c02.o(.revsh_text), (4 bytes).
    Removing at24c02.o(.rrx_text), (6 bytes).
    Removing at24c02.o(i.eeprom_byte_write), (48 bytes).
    Removing at24c02.o(i.eeprom_current_read), (6 bytes).
    Removing at24c02.o(i.eeprom_init), (8 bytes).
    Removing at24c02.o(i.eeprom_page_write), (2 bytes).
    Removing at24c02.o(i.eeprom_random_read), (64 bytes).
    Removing at24c02.o(i.eeprom_sequential_read), (2 bytes).
    Removing gpio_iic.o(.rev16_text), (4 bytes).
    Removing gpio_iic.o(.revsh_text), (4 bytes).
    Removing gpio_iic.o(.rrx_text), (6 bytes).
    Removing gpio_iic.o(i.IIC_Ack), (56 bytes).
    Removing gpio_iic.o(i.IIC_Init), (132 bytes).
    Removing gpio_iic.o(i.IIC_NAck), (56 bytes).
    Removing gpio_iic.o(i.IIC_Read_Byte), (96 bytes).
    Removing gpio_iic.o(i.IIC_Sda_In), (20 bytes).
    Removing gpio_iic.o(i.IIC_Sda_Out), (20 bytes).
    Removing gpio_iic.o(i.IIC_Send_Byte), (80 bytes).
    Removing gpio_iic.o(i.IIC_Start), (56 bytes).
    Removing gpio_iic.o(i.IIC_Stop), (60 bytes).
    Removing gpio_iic.o(i.IIC_Wait_Ack), (76 bytes).
    Removing gpio_iic.o(.data), (24 bytes).
    Removing lcd.o(.rev16_text), (4 bytes).
    Removing lcd.o(.revsh_text), (4 bytes).
    Removing lcd.o(.rrx_text), (6 bytes).
    Removing lcd.o(i.LCD_DisplayMyName), (276 bytes).
    Removing lcd.o(i.LCD_DisplayNum), (172 bytes).
    Removing lcd.o(i.LCD_DisplayNum_color), (88 bytes).
    Removing lcd.o(i.LCD_DisplayOTherChar), (256 bytes).
    Removing lcd.o(i.LCD_DisplayOff), (10 bytes).
    Removing lcd.o(i.LCD_DisplayOn), (10 bytes).
    Removing lcd.o(i.LCD_DisplayString_color), (76 bytes).
    Removing lcd.o(i.LCD_DrawPoint), (36 bytes).
    Removing lcd.o(i.LCD_Draw_Circle), (152 bytes).
    Removing lcd.o(i.LCD_Draw_Circle_color), (2 bytes).
    Removing lcd.o(i.LCD_Draw_Line), (176 bytes).
    Removing lcd.o(i.LCD_Draw_Picture), (96 bytes).
    Removing lcd.o(i.LCD_Draw_Rectangle), (60 bytes).
    Removing lcd.o(i.LCD_Fill_onecolor), (84 bytes).
    Removing lcd.o(i.LCD_GetPoint), (152 bytes).
    Removing lcd.o(i.LCD_Pow), (22 bytes).
    Removing lcd.o(i.LCD_ReadReg), (28 bytes).
    Removing lcd.o(i.LCD_Set_Window), (84 bytes).
    Removing lcd.o(i.lcd_test), (116 bytes).
    Removing lcd.o(i.lcdm_delay), (14 bytes).
    Removing main.o(.rev16_text), (4 bytes).
    Removing main.o(.revsh_text), (4 bytes).
    Removing main.o(.rrx_text), (6 bytes).
    Removing stm32f4xx_it.o(.rev16_text), (4 bytes).
    Removing stm32f4xx_it.o(.revsh_text), (4 bytes).
    Removing stm32f4xx_it.o(.rrx_text), (6 bytes).
    Removing dadd.o(.text), (334 bytes).
    Removing dmul.o(.text), (228 bytes).
    Removing ddiv.o(.text), (222 bytes).
    Removing dfixul.o(.text), (48 bytes).
    Removing cdrcmple.o(.text), (48 bytes).
    Removing depilogue.o(.text), (186 bytes).

397 unused section(s) (total 14874 bytes) removed from the image.

==============================================================================

Image Symbol Table

    Local Symbols

    Symbol Name                              Value     Ov Type        Size  Object(Section)

    ../clib/microlib/division.c              0x00000000   Number         0  uidiv.o ABSOLUTE
    ../clib/microlib/division.c              0x00000000   Number         0  uldiv.o ABSOLUTE
    ../clib/microlib/init/entry.s            0x00000000   Number         0  entry9b.o ABSOLUTE
    ../clib/microlib/init/entry.s            0x00000000   Number         0  entry10a.o ABSOLUTE
    ../clib/microlib/init/entry.s            0x00000000   Number         0  entry2.o ABSOLUTE
    ../clib/microlib/init/entry.s            0x00000000   Number         0  entry.o ABSOLUTE
    ../clib/microlib/init/entry.s            0x00000000   Number         0  entry8b.o ABSOLUTE
    ../clib/microlib/init/entry.s            0x00000000   Number         0  entry9a.o ABSOLUTE
    ../clib/microlib/init/entry.s            0x00000000   Number         0  entry5.o ABSOLUTE
    ../clib/microlib/init/entry.s            0x00000000   Number         0  entry7b.o ABSOLUTE
    ../clib/microlib/init/entry.s            0x00000000   Number         0  entry8a.o ABSOLUTE
    ../clib/microlib/init/entry.s            0x00000000   Number         0  entry7a.o ABSOLUTE
    ../clib/microlib/init/entry.s            0x00000000   Number         0  entry11a.o ABSOLUTE
    ../clib/microlib/init/entry.s            0x00000000   Number         0  entry10b.o ABSOLUTE
    ../clib/microlib/init/entry.s            0x00000000   Number         0  entry11b.o ABSOLUTE
    ../clib/microlib/longlong.c              0x00000000   Number         0  llshl.o ABSOLUTE
    ../clib/microlib/longlong.c              0x00000000   Number         0  llsshr.o ABSOLUTE
    ../clib/microlib/longlong.c              0x00000000   Number         0  llushr.o ABSOLUTE
    ../clib/microlib/printf/printf.c         0x00000000   Number         0  printf6.o ABSOLUTE
    ../clib/microlib/printf/printf.c         0x00000000   Number         0  printf5.o ABSOLUTE
    ../clib/microlib/printf/printf.c         0x00000000   Number         0  printf4.o ABSOLUTE
    ../clib/microlib/printf/printf.c         0x00000000   Number         0  printf3.o ABSOLUTE
    ../clib/microlib/printf/printf.c         0x00000000   Number         0  printf2.o ABSOLUTE
    ../clib/microlib/printf/printf.c         0x00000000   Number         0  printf1.o ABSOLUTE
    ../clib/microlib/printf/printf.c         0x00000000   Number         0  printf0.o ABSOLUTE
    ../clib/microlib/printf/printf.c         0x00000000   Number         0  printfb.o ABSOLUTE
    ../clib/microlib/printf/printf.c         0x00000000   Number         0  printfa.o ABSOLUTE
    ../clib/microlib/printf/printf.c         0x00000000   Number         0  printf7.o ABSOLUTE
    ../clib/microlib/printf/printf.c         0x00000000   Number         0  printf8.o ABSOLUTE
    ../clib/microlib/printf/stubs.s          0x00000000   Number         0  stubs.o ABSOLUTE
    ../clib/microlib/stdio/streams.c         0x00000000   Number         0  stdout.o ABSOLUTE
    ../clib/microlib/string/memcpy.c         0x00000000   Number         0  memcpyb.o ABSOLUTE
    ../clib/microlib/string/memcpy.c         0x00000000   Number         0  memcpya.o ABSOLUTE
    ../clib/microlib/string/memset.c         0x00000000   Number         0  memseta.o ABSOLUTE
    ../clib/microlib/stubs.s                 0x00000000   Number         0  iusefp.o ABSOLUTE
    ../fplib/microlib/fpadd.c                0x00000000   Number         0  dadd.o ABSOLUTE
    ../fplib/microlib/fpdiv.c                0x00000000   Number         0  ddiv.o ABSOLUTE
    ../fplib/microlib/fpepilogue.c           0x00000000   Number         0  depilogue.o ABSOLUTE
    ../fplib/microlib/fpfix.c                0x00000000   Number         0  dfixul.o ABSOLUTE
    ../fplib/microlib/fpmul.c                0x00000000   Number         0  dmul.o ABSOLUTE
    ..\..\hardware\at24c02\at24c02.c         0x00000000   Number         0  at24c02.o ABSOLUTE
    ..\..\hardware\at24c02\gpio_iic.c        0x00000000   Number         0  gpio_iic.o ABSOLUTE
    ..\..\hardware\button\button.c           0x00000000   Number         0  button.o ABSOLUTE
    ..\..\hardware\button_int\but_eint.c     0x00000000   Number         0  but_eint.o ABSOLUTE
    ..\..\hardware\buzzer\buzzer.c           0x00000000   Number         0  buzzer.o ABSOLUTE
    ..\..\hardware\dht11\dht.c               0x00000000   Number         0  dht.o ABSOLUTE
    ..\..\hardware\ds18b20\ds18b20.c         0x00000000   Number         0  ds18b20.o ABSOLUTE
    ..\..\hardware\ds18b20\ds_gpio.c         0x00000000   Number         0  ds_gpio.o ABSOLUTE
    ..\..\hardware\iwdg\iwdg.c               0x00000000   Number         0  iwdg.o ABSOLUTE
    ..\..\hardware\lcd\lcd.c                 0x00000000   Number         0  lcd.o ABSOLUTE
    ..\..\hardware\led\led.c                 0x00000000   Number         0  led.o ABSOLUTE
    ..\..\hardware\pm25\adc_pm.c             0x00000000   Number         0  adc_pm.o ABSOLUTE
    ..\..\hardware\pm25\pm.c                 0x00000000   Number         0  pm.o ABSOLUTE
    ..\..\hardware\relay\relay.c             0x00000000   Number         0  relay.o ABSOLUTE
    ..\..\hardware\rtc\rtc.c                 0x00000000   Number         0  rtc.o ABSOLUTE
    ..\..\hardware\systick\systick.c         0x00000000   Number         0  systick.o ABSOLUTE
    ..\..\hardware\usart\usart_debug\bsp_usart.c 0x00000000   Number         0  bsp_usart.o ABSOLUTE
    ..\..\stdplibd\cmsis\startup_stm32f40_41xxx.s 0x00000000   Number         0  startup_stm32f40_41xxx.o ABSOLUTE
    ..\..\stdplibd\cmsis\system_stm32f4xx.c  0x00000000   Number         0  system_stm32f4xx.o ABSOLUTE
    ..\..\stdplibd\stdlib\src\misc.c         0x00000000   Number         0  misc.o ABSOLUTE
    ..\..\stdplibd\stdlib\src\stm32f4xx_adc.c 0x00000000   Number         0  stm32f4xx_adc.o ABSOLUTE
    ..\..\stdplibd\stdlib\src\stm32f4xx_exti.c 0x00000000   Number         0  stm32f4xx_exti.o ABSOLUTE
    ..\..\stdplibd\stdlib\src\stm32f4xx_fsmc.c 0x00000000   Number         0  stm32f4xx_fsmc.o ABSOLUTE
    ..\..\stdplibd\stdlib\src\stm32f4xx_gpio.c 0x00000000   Number         0  stm32f4xx_gpio.o ABSOLUTE
    ..\..\stdplibd\stdlib\src\stm32f4xx_i2c.c 0x00000000   Number         0  stm32f4xx_i2c.o ABSOLUTE
    ..\..\stdplibd\stdlib\src\stm32f4xx_iwdg.c 0x00000000   Number         0  stm32f4xx_iwdg.o ABSOLUTE
    ..\..\stdplibd\stdlib\src\stm32f4xx_pwr.c 0x00000000   Number         0  stm32f4xx_pwr.o ABSOLUTE
    ..\..\stdplibd\stdlib\src\stm32f4xx_rcc.c 0x00000000   Number         0  stm32f4xx_rcc.o ABSOLUTE
    ..\..\stdplibd\stdlib\src\stm32f4xx_rtc.c 0x00000000   Number         0  stm32f4xx_rtc.o ABSOLUTE
    ..\..\stdplibd\stdlib\src\stm32f4xx_syscfg.c 0x00000000   Number         0  stm32f4xx_syscfg.o ABSOLUTE
    ..\..\stdplibd\stdlib\src\stm32f4xx_usart.c 0x00000000   Number         0  stm32f4xx_usart.o ABSOLUTE
    ..\..\user\main.c                        0x00000000   Number         0  main.o ABSOLUTE
    ..\..\user\stm32f4xx_it.c                0x00000000   Number         0  stm32f4xx_it.o ABSOLUTE
    ..\\..\\hardware\\at24c02\\at24c02.c     0x00000000   Number         0  at24c02.o ABSOLUTE
    ..\\..\\hardware\\at24c02\\gpio_iic.c    0x00000000   Number         0  gpio_iic.o ABSOLUTE
    ..\\..\\hardware\\button\\button.c       0x00000000   Number         0  button.o ABSOLUTE
    ..\\..\\hardware\\button_int\\but_eint.c 0x00000000   Number         0  but_eint.o ABSOLUTE
    ..\\..\\hardware\\buzzer\\buzzer.c       0x00000000   Number         0  buzzer.o ABSOLUTE
    ..\\..\\hardware\\dht11\\dht.c           0x00000000   Number         0  dht.o ABSOLUTE
    ..\\..\\hardware\\ds18b20\\ds18b20.c     0x00000000   Number         0  ds18b20.o ABSOLUTE
    ..\\..\\hardware\\ds18b20\\ds_gpio.c     0x00000000   Number         0  ds_gpio.o ABSOLUTE
    ..\\..\\hardware\\iwdg\\iwdg.c           0x00000000   Number         0  iwdg.o ABSOLUTE
    ..\\..\\hardware\\lcd\\lcd.c             0x00000000   Number         0  lcd.o ABSOLUTE
    ..\\..\\hardware\\led\\led.c             0x00000000   Number         0  led.o ABSOLUTE
    ..\\..\\hardware\\pm25\\adc_pm.c         0x00000000   Number         0  adc_pm.o ABSOLUTE
    ..\\..\\hardware\\pm25\\pm.c             0x00000000   Number         0  pm.o ABSOLUTE
    ..\\..\\hardware\\relay\\relay.c         0x00000000   Number         0  relay.o ABSOLUTE
    ..\\..\\hardware\\rtc\\rtc.c             0x00000000   Number         0  rtc.o ABSOLUTE
    ..\\..\\hardware\\systick\\systick.c     0x00000000   Number         0  systick.o ABSOLUTE
    ..\\..\\hardware\\usart\\usart_debug\\bsp_usart.c 0x00000000   Number         0  bsp_usart.o ABSOLUTE
    ..\\..\\stdplibd\\cmsis\\system_stm32f4xx.c 0x00000000   Number         0  system_stm32f4xx.o ABSOLUTE
    ..\\..\\stdplibd\\stdlib\\src\\misc.c    0x00000000   Number         0  misc.o ABSOLUTE
    ..\\..\\stdplibd\\stdlib\\src\\stm32f4xx_adc.c 0x00000000   Number         0  stm32f4xx_adc.o ABSOLUTE
    ..\\..\\stdplibd\\stdlib\\src\\stm32f4xx_exti.c 0x00000000   Number         0  stm32f4xx_exti.o ABSOLUTE
    ..\\..\\stdplibd\\stdlib\\src\\stm32f4xx_fsmc.c 0x00000000   Number         0  stm32f4xx_fsmc.o ABSOLUTE
    ..\\..\\stdplibd\\stdlib\\src\\stm32f4xx_gpio.c 0x00000000   Number         0  stm32f4xx_gpio.o ABSOLUTE
    ..\\..\\stdplibd\\stdlib\\src\\stm32f4xx_i2c.c 0x00000000   Number         0  stm32f4xx_i2c.o ABSOLUTE
    ..\\..\\stdplibd\\stdlib\\src\\stm32f4xx_iwdg.c 0x00000000   Number         0  stm32f4xx_iwdg.o ABSOLUTE
    ..\\..\\stdplibd\\stdlib\\src\\stm32f4xx_pwr.c 0x00000000   Number         0  stm32f4xx_pwr.o ABSOLUTE
    ..\\..\\stdplibd\\stdlib\\src\\stm32f4xx_rcc.c 0x00000000   Number         0  stm32f4xx_rcc.o ABSOLUTE
    ..\\..\\stdplibd\\stdlib\\src\\stm32f4xx_rtc.c 0x00000000   Number         0  stm32f4xx_rtc.o ABSOLUTE
    ..\\..\\stdplibd\\stdlib\\src\\stm32f4xx_syscfg.c 0x00000000   Number         0  stm32f4xx_syscfg.o ABSOLUTE
    ..\\..\\stdplibd\\stdlib\\src\\stm32f4xx_usart.c 0x00000000   Number         0  stm32f4xx_usart.o ABSOLUTE
    ..\\..\\user\\main.c                     0x00000000   Number         0  main.o ABSOLUTE
    ..\\..\\user\\stm32f4xx_it.c             0x00000000   Number         0  stm32f4xx_it.o ABSOLUTE
    cdrcmple.s                               0x00000000   Number         0  cdrcmple.o ABSOLUTE
    dc.s                                     0x00000000   Number         0  dc.o ABSOLUTE
    handlers.s                               0x00000000   Number         0  handlers.o ABSOLUTE
    init.s                                   0x00000000   Number         0  init.o ABSOLUTE
    RESET                                    0x08000000   Section      392  startup_stm32f40_41xxx.o(RESET)
    .ARM.Collect$$$$00000000                 0x08000188   Section        0  entry.o(.ARM.Collect$$$$00000000)
    .ARM.Collect$$$$00000001                 0x08000188   Section        4  entry2.o(.ARM.Collect$$$$00000001)
    .ARM.Collect$$$$00000004                 0x0800018c   Section        4  entry5.o(.ARM.Collect$$$$00000004)
    .ARM.Collect$$$$00000008                 0x08000190   Section        0  entry7b.o(.ARM.Collect$$$$00000008)
    .ARM.Collect$$$$0000000A                 0x08000190   Section        0  entry8b.o(.ARM.Collect$$$$0000000A)
    .ARM.Collect$$$$0000000B                 0x08000190   Section        8  entry9a.o(.ARM.Collect$$$$0000000B)
    .ARM.Collect$$$$0000000D                 0x08000198   Section        0  entry10a.o(.ARM.Collect$$$$0000000D)
    .ARM.Collect$$$$0000000F                 0x08000198   Section        0  entry11a.o(.ARM.Collect$$$$0000000F)
    .ARM.Collect$$$$00002712                 0x08000198   Section        4  entry2.o(.ARM.Collect$$$$00002712)
    __lit__00000000                          0x08000198   Data           4  entry2.o(.ARM.Collect$$$$00002712)
    .text                                    0x0800019c   Section       36  startup_stm32f40_41xxx.o(.text)
    $v0                                      0x0800019c   Number         0  startup_stm32f40_41xxx.o(.text)
    .text                                    0x080001c0   Section        0  memcpya.o(.text)
    .text                                    0x080001e4   Section        0  memseta.o(.text)
    .text                                    0x08000208   Section        0  uidiv.o(.text)
    .text                                    0x08000234   Section       36  init.o(.text)
    i.ADC_Cmd                                0x08000258   Section        0  stm32f4xx_adc.o(i.ADC_Cmd)
    i.ADC_CommonInit                         0x08000270   Section        0  stm32f4xx_adc.o(i.ADC_CommonInit)
    i.ADC_GetConversionValue                 0x080002a0   Section        0  stm32f4xx_adc.o(i.ADC_GetConversionValue)
    i.ADC_GetFlagStatus                      0x080002a8   Section        0  stm32f4xx_adc.o(i.ADC_GetFlagStatus)
    i.ADC_Init                               0x080002bc   Section        0  stm32f4xx_adc.o(i.ADC_Init)
    i.ADC_RegularChannelConfig               0x08000310   Section        0  stm32f4xx_adc.o(i.ADC_RegularChannelConfig)
    i.ADC_SoftwareStartConv                  0x080003c8   Section        0  stm32f4xx_adc.o(i.ADC_SoftwareStartConv)
    i.BusFault_Handler                       0x080003d2   Section        0  stm32f4xx_it.o(i.BusFault_Handler)
    i.DS1820_ReadData                        0x080003d6   Section        0  ds18b20.o(i.DS1820_ReadData)
    i.DS1820_Reset                           0x0800041a   Section        0  ds18b20.o(i.DS1820_Reset)
    i.DS1820_WriteData                       0x08000448   Section        0  ds18b20.o(i.DS1820_WriteData)
    i.DS18B20_Init                           0x0800047c   Section        0  ds18b20.o(i.DS18B20_Init)
    i.DebugMon_Handler                       0x080004a6   Section        0  stm32f4xx_it.o(i.DebugMon_Handler)
    i.EXTI9_5_IRQHandler                     0x080004a8   Section        0  but_eint.o(i.EXTI9_5_IRQHandler)
    i.EXTI_ClearITPendingBit                 0x0800051c   Section        0  stm32f4xx_exti.o(i.EXTI_ClearITPendingBit)
    i.EXTI_GetITStatus                       0x08000528   Section        0  stm32f4xx_exti.o(i.EXTI_GetITStatus)
    i.FSMC_NORSRAMCmd                        0x08000540   Section        0  stm32f4xx_fsmc.o(i.FSMC_NORSRAMCmd)
    i.FSMC_NORSRAMInit                       0x08000574   Section        0  stm32f4xx_fsmc.o(i.FSMC_NORSRAMInit)
    i.GPIO_Init                              0x08000698   Section        0  stm32f4xx_gpio.o(i.GPIO_Init)
    i.GPIO_PinAFConfig                       0x08000728   Section        0  stm32f4xx_gpio.o(i.GPIO_PinAFConfig)
    i.GPIO_ReadInputDataBit                  0x0800076e   Section        0  stm32f4xx_gpio.o(i.GPIO_ReadInputDataBit)
    i.GPIO_ReadOutputDataBit                 0x08000780   Section        0  stm32f4xx_gpio.o(i.GPIO_ReadOutputDataBit)
    i.GPIO_ResetBits                         0x08000792   Section        0  stm32f4xx_gpio.o(i.GPIO_ResetBits)
    i.GPIO_SetBits                           0x08000796   Section        0  stm32f4xx_gpio.o(i.GPIO_SetBits)
    i.HardFault_Handler                      0x0800079a   Section        0  stm32f4xx_it.o(i.HardFault_Handler)
    i.LCD_AUTOScan_Dir                       0x080007a0   Section        0  lcd.o(i.LCD_AUTOScan_Dir)
    i.LCD_Clear                              0x08000858   Section        0  lcd.o(i.LCD_Clear)
    i.LCD_Color_DrawPoint                    0x08000894   Section        0  lcd.o(i.LCD_Color_DrawPoint)
    i.LCD_DisplayChar                        0x080008e0   Section        0  lcd.o(i.LCD_DisplayChar)
    i.LCD_DisplayString                      0x080009e4   Section        0  lcd.o(i.LCD_DisplayString)
    i.LCD_Display_Dir                        0x08000a28   Section        0  lcd.o(i.LCD_Display_Dir)
    i.LCD_FSMC_Config                        0x08000a74   Section        0  lcd.o(i.LCD_FSMC_Config)
    i.LCD_Init                               0x08000c90   Section        0  lcd.o(i.LCD_Init)
    i.LCD_SetCursor                          0x08000ecc   Section        0  lcd.o(i.LCD_SetCursor)
    i.LCD_WriteRAM_Prepare                   0x08000f04   Section        0  lcd.o(i.LCD_WriteRAM_Prepare)
    i.LCD_WriteReg                           0x08000f14   Section        0  lcd.o(i.LCD_WriteReg)
    i.MemManage_Handler                      0x08000f24   Section        0  stm32f4xx_it.o(i.MemManage_Handler)
    i.NMI_Handler                            0x08000f28   Section        0  stm32f4xx_it.o(i.NMI_Handler)
    i.PWR_BackupAccessCmd                    0x08000f2c   Section        0  stm32f4xx_pwr.o(i.PWR_BackupAccessCmd)
    i.PendSV_Handler                         0x08000f38   Section        0  stm32f4xx_it.o(i.PendSV_Handler)
    i.RCC_AHB1PeriphClockCmd                 0x08000f3c   Section        0  stm32f4xx_rcc.o(i.RCC_AHB1PeriphClockCmd)
    i.RCC_AHB3PeriphClockCmd                 0x08000f5c   Section        0  stm32f4xx_rcc.o(i.RCC_AHB3PeriphClockCmd)
    i.RCC_APB2PeriphClockCmd                 0x08000f7c   Section        0  stm32f4xx_rcc.o(i.RCC_APB2PeriphClockCmd)
    i.RCC_GetClocksFreq                      0x08000f9c   Section        0  stm32f4xx_rcc.o(i.RCC_GetClocksFreq)
    i.RCC_GetFlagStatus                      0x08001084   Section        0  stm32f4xx_rcc.o(i.RCC_GetFlagStatus)
    i.RCC_LSEConfig                          0x080010c4   Section        0  stm32f4xx_rcc.o(i.RCC_LSEConfig)
    i.RCC_RTCCLKCmd                          0x080010f0   Section        0  stm32f4xx_rcc.o(i.RCC_RTCCLKCmd)
    i.RCC_RTCCLKConfig                       0x080010fc   Section        0  stm32f4xx_rcc.o(i.RCC_RTCCLKConfig)
    i.RTC_Bcd2ToByte                         0x08001138   Section        0  stm32f4xx_rtc.o(i.RTC_Bcd2ToByte)
    RTC_Bcd2ToByte                           0x08001139   Thumb Code    22  stm32f4xx_rtc.o(i.RTC_Bcd2ToByte)
    i.RTC_ByteToBcd2                         0x0800114e   Section        0  stm32f4xx_rtc.o(i.RTC_ByteToBcd2)
    RTC_ByteToBcd2                           0x0800114f   Thumb Code    28  stm32f4xx_rtc.o(i.RTC_ByteToBcd2)
    i.RTC_EnterInitMode                      0x0800116c   Section        0  stm32f4xx_rtc.o(i.RTC_EnterInitMode)
    i.RTC_ExitInitMode                       0x080011bc   Section        0  stm32f4xx_rtc.o(i.RTC_ExitInitMode)
    i.RTC_GetDate                            0x080011d0   Section        0  stm32f4xx_rtc.o(i.RTC_GetDate)
    i.RTC_GetTime                            0x0800121c   Section        0  stm32f4xx_rtc.o(i.RTC_GetTime)
    i.RTC_Init                               0x0800126c   Section        0  stm32f4xx_rtc.o(i.RTC_Init)
    i.RTC_ReadBackupRegister                 0x080012d0   Section        0  stm32f4xx_rtc.o(i.RTC_ReadBackupRegister)
    i.RTC_SetDate                            0x080012f0   Section        0  stm32f4xx_rtc.o(i.RTC_SetDate)
    i.RTC_SetTime                            0x080013b8   Section        0  stm32f4xx_rtc.o(i.RTC_SetTime)
    i.RTC_WaitForSynchro                     0x08001488   Section        0  stm32f4xx_rtc.o(i.RTC_WaitForSynchro)
    i.RTC_WriteBackupRegister                0x080014e8   Section        0  stm32f4xx_rtc.o(i.RTC_WriteBackupRegister)
    i.SVC_Handler                            0x08001504   Section        0  stm32f4xx_it.o(i.SVC_Handler)
    i.SetSysClock                            0x08001508   Section        0  system_stm32f4xx.o(i.SetSysClock)
    SetSysClock                              0x08001509   Thumb Code   220  system_stm32f4xx.o(i.SetSysClock)
    i.SysTick_CLKSourceConfig                0x080015f4   Section        0  misc.o(i.SysTick_CLKSourceConfig)
    i.SysTick_Handler                        0x0800161c   Section        0  stm32f4xx_it.o(i.SysTick_Handler)
    i.SystemInit                             0x08001620   Section        0  system_stm32f4xx.o(i.SystemInit)
    i.USART_Cmd                              0x08001688   Section        0  stm32f4xx_usart.o(i.USART_Cmd)
    i.USART_GetFlagStatus                    0x080016a0   Section        0  stm32f4xx_usart.o(i.USART_GetFlagStatus)
    i.USART_Init                             0x080016bc   Section        0  stm32f4xx_usart.o(i.USART_Init)
    i.USART_SendData                         0x08001790   Section        0  stm32f4xx_usart.o(i.USART_SendData)
    i.USARTx_Config                          0x08001798   Section        0  bsp_usart.o(i.USARTx_Config)
    i.UsageFault_Handler                     0x08001830   Section        0  stm32f4xx_it.o(i.UsageFault_Handler)
    i.__0printf$6                            0x08001834   Section        0  printf6.o(i.__0printf$6)
    i.__0sprintf$6                           0x08001854   Section        0  printf6.o(i.__0sprintf$6)
    i.__scatterload_copy                     0x0800187c   Section       14  handlers.o(i.__scatterload_copy)
    i.__scatterload_null                     0x0800188a   Section        2  handlers.o(i.__scatterload_null)
    i.__scatterload_zeroinit                 0x0800188c   Section       14  handlers.o(i.__scatterload_zeroinit)
    i._printf_core                           0x0800189c   Section        0  printf6.o(i._printf_core)
    _printf_core                             0x0800189d   Thumb Code   748  printf6.o(i._printf_core)
    i._printf_post_padding                   0x08001b8c   Section        0  printf6.o(i._printf_post_padding)
    _printf_post_padding                     0x08001b8d   Thumb Code    36  printf6.o(i._printf_post_padding)
    i._printf_pre_padding                    0x08001bb0   Section        0  printf6.o(i._printf_pre_padding)
    _printf_pre_padding                      0x08001bb1   Thumb Code    46  printf6.o(i._printf_pre_padding)
    i._sputc                                 0x08001bde   Section        0  printf6.o(i._sputc)
    _sputc                                   0x08001bdf   Thumb Code    10  printf6.o(i._sputc)
    i.adc_pm_init                            0x08001be8   Section        0  adc_pm.o(i.adc_pm_init)
    i.adc_pm_start                           0x08001c7c   Section        0  adc_pm.o(i.adc_pm_start)
    i.adc_pm_wait                            0x08001c8c   Section        0  adc_pm.o(i.adc_pm_wait)
    i.button_init                            0x08001ca4   Section        0  button.o(i.button_init)
    i.buzzer_init                            0x08001ce0   Section        0  buzzer.o(i.buzzer_init)
    i.delay_ms                               0x08001d1c   Section        0  systick.o(i.delay_ms)
    i.delay_us                               0x08001d54   Section        0  systick.o(i.delay_us)
    i.delay_xms                              0x08001da0   Section        0  systick.o(i.delay_xms)
    i.dht_init                               0x08001dec   Section        0  dht.o(i.dht_init)
    i.dht_input_state                        0x08001df8   Section        0  dht.o(i.dht_input_state)
    i.dht_output_state                       0x08001e08   Section        0  dht.o(i.dht_output_state)
    i.ds_input_state                         0x08001e28   Section        0  ds_gpio.o(i.ds_input_state)
    i.ds_output_state                        0x08001e38   Section        0  ds_gpio.o(i.ds_output_state)
    i.fputc                                  0x08001e58   Section        0  bsp_usart.o(i.fputc)
    i.get_adc_pm_value                       0x08001e7c   Section        0  adc_pm.o(i.get_adc_pm_value)
    i.get_button_status                      0x08001e8c   Section        0  button.o(i.get_button_status)
    i.get_buzzer_status                      0x08001eec   Section        0  buzzer.o(i.get_buzzer_status)
    i.get_dht_value                          0x08001efc   Section        0  dht.o(i.get_dht_value)
    i.get_led_status                         0x08001fac   Section        0  led.o(i.get_led_status)
    i.get_pm_value                           0x08001ff0   Section        0  pm.o(i.get_pm_value)
    i.get_relay_status                       0x08002030   Section        0  relay.o(i.get_relay_status)
    i.get_temperature                        0x08002074   Section        0  ds18b20.o(i.get_temperature)
    i.get_time                               0x080020be   Section        0  rtc.o(i.get_time)
    i.lcd_dis_page01                         0x08002100   Section        0  main.o(i.lcd_dis_page01)
    i.led_init                               0x08002738   Section        0  led.o(i.led_init)
    i.led_on                                 0x08002790   Section        0  led.o(i.led_on)
    i.main                                   0x080027cc   Section        0  main.o(i.main)
    i.pm_init                                0x08002840   Section        0  pm.o(i.pm_init)
    i.relay_init                             0x0800287c   Section        0  relay.o(i.relay_init)
    i.relay_on                               0x080028e0   Section        0  relay.o(i.relay_on)
    i.rtc_init                               0x08002914   Section        0  rtc.o(i.rtc_init)
    i.set_dht_gpio_input                     0x08002978   Section        0  dht.o(i.set_dht_gpio_input)
    i.set_dht_gpio_output                    0x08002998   Section        0  dht.o(i.set_dht_gpio_output)
    i.set_ds_gpio_input                      0x080029c4   Section        0  ds_gpio.o(i.set_ds_gpio_input)
    i.set_ds_gpio_output                     0x080029f0   Section        0  ds_gpio.o(i.set_ds_gpio_output)
    i.set_time                               0x08002a28   Section        0  rtc.o(i.set_time)
    i.systick_init                           0x08002a68   Section        0  systick.o(i.systick_init)
    i.tem_to_string                          0x08002a9c   Section        0  ds18b20.o(i.tem_to_string)
    .constdata                               0x08002b92   Section     6720  lcd.o(.constdata)
    .constdata                               0x080045d4   Section       28  main.o(.constdata)
    .data                                    0x20000000   Section       16  stm32f4xx_rcc.o(.data)
    APBAHBPrescTable                         0x20000000   Data          16  stm32f4xx_rcc.o(.data)
    .data                                    0x20000010   Section       16  but_eint.o(.data)
    .data                                    0x20000020   Section        4  systick.o(.data)
    fac_us                                   0x20000020   Data           1  systick.o(.data)
    fac_ms                                   0x20000022   Data           2  systick.o(.data)
    .data                                    0x20000024   Section       18  lcd.o(.data)
    .data                                    0x20000038   Section        4  stdout.o(.data)
    STACK                                    0x20000040   Section     1024  startup_stm32f40_41xxx.o(STACK)

    Global Symbols

    Symbol Name                              Value     Ov Type        Size  Object(Section)

    BuildAttributes$$THM_ISAv4$E$P$D$K$B$S$7EM$VFPi3$EXTD16$VFPS$VFMA$PE$A:L22UL41UL21$X:L11$S22US41US21$IEEE1$IW$USESV6$~STKCKD$USESV7$~SHL$OSPACE$ROPI$EBA8$MICROLIB$REQ8$PRES8$EABIv2 0x00000000   Number         0  anon$$obj.o ABSOLUTE
    __ARM_use_no_argv                        0x00000000   Number         0  main.o ABSOLUTE
    _printf_a                                0x00000000   Number         0  stubs.o ABSOLUTE
    _printf_c                                0x00000000   Number         0  stubs.o ABSOLUTE
    _printf_charcount                        0x00000000   Number         0  stubs.o ABSOLUTE
    _printf_d                                0x00000000   Number         0  stubs.o ABSOLUTE
    _printf_e                                0x00000000   Number         0  stubs.o ABSOLUTE
    _printf_f                                0x00000000   Number         0  stubs.o ABSOLUTE
    _printf_flags                            0x00000000   Number         0  stubs.o ABSOLUTE
    _printf_fp_dec                           0x00000000   Number         0  stubs.o ABSOLUTE
    _printf_fp_hex                           0x00000000   Number         0  stubs.o ABSOLUTE
    _printf_g                                0x00000000   Number         0  stubs.o ABSOLUTE
    _printf_i                                0x00000000   Number         0  stubs.o ABSOLUTE
    _printf_int_dec                          0x00000000   Number         0  stubs.o ABSOLUTE
    _printf_l                                0x00000000   Number         0  stubs.o ABSOLUTE
    _printf_lc                               0x00000000   Number         0  stubs.o ABSOLUTE
    _printf_ll                               0x00000000   Number         0  stubs.o ABSOLUTE
    _printf_lld                              0x00000000   Number         0  stubs.o ABSOLUTE
    _printf_lli                              0x00000000   Number         0  stubs.o ABSOLUTE
    _printf_llo                              0x00000000   Number         0  stubs.o ABSOLUTE
    _printf_llu                              0x00000000   Number         0  stubs.o ABSOLUTE
    _printf_llx                              0x00000000   Number         0  stubs.o ABSOLUTE
    _printf_longlong_dec                     0x00000000   Number         0  stubs.o ABSOLUTE
    _printf_longlong_hex                     0x00000000   Number         0  stubs.o ABSOLUTE
    _printf_longlong_oct                     0x00000000   Number         0  stubs.o ABSOLUTE
    _printf_ls                               0x00000000   Number         0  stubs.o ABSOLUTE
    _printf_mbtowc                           0x00000000   Number         0  stubs.o ABSOLUTE
    _printf_n                                0x00000000   Number         0  stubs.o ABSOLUTE
    _printf_o                                0x00000000   Number         0  stubs.o ABSOLUTE
    _printf_p                                0x00000000   Number         0  stubs.o ABSOLUTE
    _printf_percent                          0x00000000   Number         0  stubs.o ABSOLUTE
    _printf_pre_padding                      0x00000000   Number         0  stubs.o ABSOLUTE
    _printf_return_value                     0x00000000   Number         0  stubs.o ABSOLUTE
    _printf_s                                0x00000000   Number         0  stubs.o ABSOLUTE
    _printf_sizespec                         0x00000000   Number         0  stubs.o ABSOLUTE
    _printf_str                              0x00000000   Number         0  stubs.o ABSOLUTE
    _printf_truncate_signed                  0x00000000   Number         0  stubs.o ABSOLUTE
    _printf_truncate_unsigned                0x00000000   Number         0  stubs.o ABSOLUTE
    _printf_u                                0x00000000   Number         0  stubs.o ABSOLUTE
    _printf_wc                               0x00000000   Number         0  stubs.o ABSOLUTE
    _printf_wctomb                           0x00000000   Number         0  stubs.o ABSOLUTE
    _printf_widthprec                        0x00000000   Number         0  stubs.o ABSOLUTE
    _printf_x                                0x00000000   Number         0  stubs.o ABSOLUTE
    __cpp_initialize__aeabi_                  - Undefined Weak Reference
    __cxa_finalize                            - Undefined Weak Reference
    __decompress                              - Undefined Weak Reference
    _clock_init                               - Undefined Weak Reference
    _microlib_exit                            - Undefined Weak Reference
    __Vectors_Size                           0x00000188   Number         0  startup_stm32f40_41xxx.o ABSOLUTE
    __Vectors                                0x08000000   Data           4  startup_stm32f40_41xxx.o(RESET)
    __Vectors_End                            0x08000188   Data           0  startup_stm32f40_41xxx.o(RESET)
    __main                                   0x08000189   Thumb Code     0  entry.o(.ARM.Collect$$$$00000000)
    _main_stk                                0x08000189   Thumb Code     0  entry2.o(.ARM.Collect$$$$00000001)
    _main_scatterload                        0x0800018d   Thumb Code     0  entry5.o(.ARM.Collect$$$$00000004)
    __main_after_scatterload                 0x08000191   Thumb Code     0  entry5.o(.ARM.Collect$$$$00000004)
    _main_clock                              0x08000191   Thumb Code     0  entry7b.o(.ARM.Collect$$$$00000008)
    _main_cpp_init                           0x08000191   Thumb Code     0  entry8b.o(.ARM.Collect$$$$0000000A)
    _main_init                               0x08000191   Thumb Code     0  entry9a.o(.ARM.Collect$$$$0000000B)
    __rt_final_cpp                           0x08000199   Thumb Code     0  entry10a.o(.ARM.Collect$$$$0000000D)
    __rt_final_exit                          0x08000199   Thumb Code     0  entry11a.o(.ARM.Collect$$$$0000000F)
    Reset_Handler                            0x0800019d   Thumb Code     8  startup_stm32f40_41xxx.o(.text)
    ADC_IRQHandler                           0x080001b7   Thumb Code     0  startup_stm32f40_41xxx.o(.text)
    CAN1_RX0_IRQHandler                      0x080001b7   Thumb Code     0  startup_stm32f40_41xxx.o(.text)
    CAN1_RX1_IRQHandler                      0x080001b7   Thumb Code     0  startup_stm32f40_41xxx.o(.text)
    CAN1_SCE_IRQHandler                      0x080001b7   Thumb Code     0  startup_stm32f40_41xxx.o(.text)
    CAN1_TX_IRQHandler                       0x080001b7   Thumb Code     0  startup_stm32f40_41xxx.o(.text)
    CAN2_RX0_IRQHandler                      0x080001b7   Thumb Code     0  startup_stm32f40_41xxx.o(.text)
    CAN2_RX1_IRQHandler                      0x080001b7   Thumb Code     0  startup_stm32f40_41xxx.o(.text)
    CAN2_SCE_IRQHandler                      0x080001b7   Thumb Code     0  startup_stm32f40_41xxx.o(.text)
    CAN2_TX_IRQHandler                       0x080001b7   Thumb Code     0  startup_stm32f40_41xxx.o(.text)
    CRYP_IRQHandler                          0x080001b7   Thumb Code     0  startup_stm32f40_41xxx.o(.text)
    DCMI_IRQHandler                          0x080001b7   Thumb Code     0  startup_stm32f40_41xxx.o(.text)
    DMA1_Stream0_IRQHandler                  0x080001b7   Thumb Code     0  startup_stm32f40_41xxx.o(.text)
    DMA1_Stream1_IRQHandler                  0x080001b7   Thumb Code     0  startup_stm32f40_41xxx.o(.text)
    DMA1_Stream2_IRQHandler                  0x080001b7   Thumb Code     0  startup_stm32f40_41xxx.o(.text)
    DMA1_Stream3_IRQHandler                  0x080001b7   Thumb Code     0  startup_stm32f40_41xxx.o(.text)
    DMA1_Stream4_IRQHandler                  0x080001b7   Thumb Code     0  startup_stm32f40_41xxx.o(.text)
    DMA1_Stream5_IRQHandler                  0x080001b7   Thumb Code     0  startup_stm32f40_41xxx.o(.text)
    DMA1_Stream6_IRQHandler                  0x080001b7   Thumb Code     0  startup_stm32f40_41xxx.o(.text)
    DMA1_Stream7_IRQHandler                  0x080001b7   Thumb Code     0  startup_stm32f40_41xxx.o(.text)
    DMA2_Stream0_IRQHandler                  0x080001b7   Thumb Code     0  startup_stm32f40_41xxx.o(.text)
    DMA2_Stream1_IRQHandler                  0x080001b7   Thumb Code     0  startup_stm32f40_41xxx.o(.text)
    DMA2_Stream2_IRQHandler                  0x080001b7   Thumb Code     0  startup_stm32f40_41xxx.o(.text)
    DMA2_Stream3_IRQHandler                  0x080001b7   Thumb Code     0  startup_stm32f40_41xxx.o(.text)
    DMA2_Stream4_IRQHandler                  0x080001b7   Thumb Code     0  startup_stm32f40_41xxx.o(.text)
    DMA2_Stream5_IRQHandler                  0x080001b7   Thumb Code     0  startup_stm32f40_41xxx.o(.text)
    DMA2_Stream6_IRQHandler                  0x080001b7   Thumb Code     0  startup_stm32f40_41xxx.o(.text)
    DMA2_Stream7_IRQHandler                  0x080001b7   Thumb Code     0  startup_stm32f40_41xxx.o(.text)
    ETH_IRQHandler                           0x080001b7   Thumb Code     0  startup_stm32f40_41xxx.o(.text)
    ETH_WKUP_IRQHandler                      0x080001b7   Thumb Code     0  startup_stm32f40_41xxx.o(.text)
    EXTI0_IRQHandler                         0x080001b7   Thumb Code     0  startup_stm32f40_41xxx.o(.text)
    EXTI15_10_IRQHandler                     0x080001b7   Thumb Code     0  startup_stm32f40_41xxx.o(.text)
    EXTI1_IRQHandler                         0x080001b7   Thumb Code     0  startup_stm32f40_41xxx.o(.text)
    EXTI2_IRQHandler                         0x080001b7   Thumb Code     0  startup_stm32f40_41xxx.o(.text)
    EXTI3_IRQHandler                         0x080001b7   Thumb Code     0  startup_stm32f40_41xxx.o(.text)
    EXTI4_IRQHandler                         0x080001b7   Thumb Code     0  startup_stm32f40_41xxx.o(.text)
    FLASH_IRQHandler                         0x080001b7   Thumb Code     0  startup_stm32f40_41xxx.o(.text)
    FPU_IRQHandler                           0x080001b7   Thumb Code     0  startup_stm32f40_41xxx.o(.text)
    FSMC_IRQHandler                          0x080001b7   Thumb Code     0  startup_stm32f40_41xxx.o(.text)
    HASH_RNG_IRQHandler                      0x080001b7   Thumb Code     0  startup_stm32f40_41xxx.o(.text)
    I2C1_ER_IRQHandler                       0x080001b7   Thumb Code     0  startup_stm32f40_41xxx.o(.text)
    I2C1_EV_IRQHandler                       0x080001b7   Thumb Code     0  startup_stm32f40_41xxx.o(.text)
    I2C2_ER_IRQHandler                       0x080001b7   Thumb Code     0  startup_stm32f40_41xxx.o(.text)
    I2C2_EV_IRQHandler                       0x080001b7   Thumb Code     0  startup_stm32f40_41xxx.o(.text)
    I2C3_ER_IRQHandler                       0x080001b7   Thumb Code     0  startup_stm32f40_41xxx.o(.text)
    I2C3_EV_IRQHandler                       0x080001b7   Thumb Code     0  startup_stm32f40_41xxx.o(.text)
    OTG_FS_IRQHandler                        0x080001b7   Thumb Code     0  startup_stm32f40_41xxx.o(.text)
    OTG_FS_WKUP_IRQHandler                   0x080001b7   Thumb Code     0  startup_stm32f40_41xxx.o(.text)
    OTG_HS_EP1_IN_IRQHandler                 0x080001b7   Thumb Code     0  startup_stm32f40_41xxx.o(.text)
    OTG_HS_EP1_OUT_IRQHandler                0x080001b7   Thumb Code     0  startup_stm32f40_41xxx.o(.text)
    OTG_HS_IRQHandler                        0x080001b7   Thumb Code     0  startup_stm32f40_41xxx.o(.text)
    OTG_HS_WKUP_IRQHandler                   0x080001b7   Thumb Code     0  startup_stm32f40_41xxx.o(.text)
    PVD_IRQHandler                           0x080001b7   Thumb Code     0  startup_stm32f40_41xxx.o(.text)
    RCC_IRQHandler                           0x080001b7   Thumb Code     0  startup_stm32f40_41xxx.o(.text)
    RTC_Alarm_IRQHandler                     0x080001b7   Thumb Code     0  startup_stm32f40_41xxx.o(.text)
    RTC_WKUP_IRQHandler                      0x080001b7   Thumb Code     0  startup_stm32f40_41xxx.o(.text)
    SDIO_IRQHandler                          0x080001b7   Thumb Code     0  startup_stm32f40_41xxx.o(.text)
    SPI1_IRQHandler                          0x080001b7   Thumb Code     0  startup_stm32f40_41xxx.o(.text)
    SPI2_IRQHandler                          0x080001b7   Thumb Code     0  startup_stm32f40_41xxx.o(.text)
    SPI3_IRQHandler                          0x080001b7   Thumb Code     0  startup_stm32f40_41xxx.o(.text)
    TAMP_STAMP_IRQHandler                    0x080001b7   Thumb Code     0  startup_stm32f40_41xxx.o(.text)
    TIM1_BRK_TIM9_IRQHandler                 0x080001b7   Thumb Code     0  startup_stm32f40_41xxx.o(.text)
    TIM1_CC_IRQHandler                       0x080001b7   Thumb Code     0  startup_stm32f40_41xxx.o(.text)
    TIM1_TRG_COM_TIM11_IRQHandler            0x080001b7   Thumb Code     0  startup_stm32f40_41xxx.o(.text)
    TIM1_UP_TIM10_IRQHandler                 0x080001b7   Thumb Code     0  startup_stm32f40_41xxx.o(.text)
    TIM2_IRQHandler                          0x080001b7   Thumb Code     0  startup_stm32f40_41xxx.o(.text)
    TIM3_IRQHandler                          0x080001b7   Thumb Code     0  startup_stm32f40_41xxx.o(.text)
    TIM4_IRQHandler                          0x080001b7   Thumb Code     0  startup_stm32f40_41xxx.o(.text)
    TIM5_IRQHandler                          0x080001b7   Thumb Code     0  startup_stm32f40_41xxx.o(.text)
    TIM6_DAC_IRQHandler                      0x080001b7   Thumb Code     0  startup_stm32f40_41xxx.o(.text)
    TIM7_IRQHandler                          0x080001b7   Thumb Code     0  startup_stm32f40_41xxx.o(.text)
    TIM8_BRK_TIM12_IRQHandler                0x080001b7   Thumb Code     0  startup_stm32f40_41xxx.o(.text)
    TIM8_CC_IRQHandler                       0x080001b7   Thumb Code     0  startup_stm32f40_41xxx.o(.text)
    TIM8_TRG_COM_TIM14_IRQHandler            0x080001b7   Thumb Code     0  startup_stm32f40_41xxx.o(.text)
    TIM8_UP_TIM13_IRQHandler                 0x080001b7   Thumb Code     0  startup_stm32f40_41xxx.o(.text)
    UART4_IRQHandler                         0x080001b7   Thumb Code     0  startup_stm32f40_41xxx.o(.text)
    UART5_IRQHandler                         0x080001b7   Thumb Code     0  startup_stm32f40_41xxx.o(.text)
    USART1_IRQHandler                        0x080001b7   Thumb Code     0  startup_stm32f40_41xxx.o(.text)
    USART2_IRQHandler                        0x080001b7   Thumb Code     0  startup_stm32f40_41xxx.o(.text)
    USART3_IRQHandler                        0x080001b7   Thumb Code     0  startup_stm32f40_41xxx.o(.text)
    USART6_IRQHandler                        0x080001b7   Thumb Code     0  startup_stm32f40_41xxx.o(.text)
    WWDG_IRQHandler                          0x080001b7   Thumb Code     0  startup_stm32f40_41xxx.o(.text)
    __aeabi_memcpy                           0x080001c1   Thumb Code    36  memcpya.o(.text)
    __aeabi_memcpy4                          0x080001c1   Thumb Code     0  memcpya.o(.text)
    __aeabi_memcpy8                          0x080001c1   Thumb Code     0  memcpya.o(.text)
    __aeabi_memset                           0x080001e5   Thumb Code    14  memseta.o(.text)
    __aeabi_memset4                          0x080001e5   Thumb Code     0  memseta.o(.text)
    __aeabi_memset8                          0x080001e5   Thumb Code     0  memseta.o(.text)
    __aeabi_memclr                           0x080001f3   Thumb Code     4  memseta.o(.text)
    __aeabi_memclr4                          0x080001f3   Thumb Code     0  memseta.o(.text)
    __aeabi_memclr8                          0x080001f3   Thumb Code     0  memseta.o(.text)
    _memset$wrapper                          0x080001f7   Thumb Code    18  memseta.o(.text)
    __aeabi_uidiv                            0x08000209   Thumb Code     0  uidiv.o(.text)
    __aeabi_uidivmod                         0x08000209   Thumb Code    44  uidiv.o(.text)
    __scatterload                            0x08000235   Thumb Code    28  init.o(.text)
    __scatterload_rt2                        0x08000235   Thumb Code     0  init.o(.text)
    ADC_Cmd                                  0x08000259   Thumb Code    22  stm32f4xx_adc.o(i.ADC_Cmd)
    ADC_CommonInit                           0x08000271   Thumb Code    34  stm32f4xx_adc.o(i.ADC_CommonInit)
    ADC_GetConversionValue                   0x080002a1   Thumb Code     8  stm32f4xx_adc.o(i.ADC_GetConversionValue)
    ADC_GetFlagStatus                        0x080002a9   Thumb Code    18  stm32f4xx_adc.o(i.ADC_GetFlagStatus)
    ADC_Init                                 0x080002bd   Thumb Code    74  stm32f4xx_adc.o(i.ADC_Init)
    ADC_RegularChannelConfig                 0x08000311   Thumb Code   184  stm32f4xx_adc.o(i.ADC_RegularChannelConfig)
    ADC_SoftwareStartConv                    0x080003c9   Thumb Code    10  stm32f4xx_adc.o(i.ADC_SoftwareStartConv)
    BusFault_Handler                         0x080003d3   Thumb Code     4  stm32f4xx_it.o(i.BusFault_Handler)
    DS1820_ReadData                          0x080003d7   Thumb Code    68  ds18b20.o(i.DS1820_ReadData)
    DS1820_Reset                             0x0800041b   Thumb Code    46  ds18b20.o(i.DS1820_Reset)
    DS1820_WriteData                         0x08000449   Thumb Code    52  ds18b20.o(i.DS1820_WriteData)
    DS18B20_Init                             0x0800047d   Thumb Code    42  ds18b20.o(i.DS18B20_Init)
    DebugMon_Handler                         0x080004a7   Thumb Code     2  stm32f4xx_it.o(i.DebugMon_Handler)
    EXTI9_5_IRQHandler                       0x080004a9   Thumb Code   100  but_eint.o(i.EXTI9_5_IRQHandler)
    EXTI_ClearITPendingBit                   0x0800051d   Thumb Code     6  stm32f4xx_exti.o(i.EXTI_ClearITPendingBit)
    EXTI_GetITStatus                         0x08000529   Thumb Code    20  stm32f4xx_exti.o(i.EXTI_GetITStatus)
    FSMC_NORSRAMCmd                          0x08000541   Thumb Code    46  stm32f4xx_fsmc.o(i.FSMC_NORSRAMCmd)
    FSMC_NORSRAMInit                         0x08000575   Thumb Code   282  stm32f4xx_fsmc.o(i.FSMC_NORSRAMInit)
    GPIO_Init                                0x08000699   Thumb Code   144  stm32f4xx_gpio.o(i.GPIO_Init)
    GPIO_PinAFConfig                         0x08000729   Thumb Code    70  stm32f4xx_gpio.o(i.GPIO_PinAFConfig)
    GPIO_ReadInputDataBit                    0x0800076f   Thumb Code    18  stm32f4xx_gpio.o(i.GPIO_ReadInputDataBit)
    GPIO_ReadOutputDataBit                   0x08000781   Thumb Code    18  stm32f4xx_gpio.o(i.GPIO_ReadOutputDataBit)
    GPIO_ResetBits                           0x08000793   Thumb Code     4  stm32f4xx_gpio.o(i.GPIO_ResetBits)
    GPIO_SetBits                             0x08000797   Thumb Code     4  stm32f4xx_gpio.o(i.GPIO_SetBits)
    HardFault_Handler                        0x0800079b   Thumb Code     4  stm32f4xx_it.o(i.HardFault_Handler)
    LCD_AUTOScan_Dir                         0x080007a1   Thumb Code   164  lcd.o(i.LCD_AUTOScan_Dir)
    LCD_Clear                                0x08000859   Thumb Code    48  lcd.o(i.LCD_Clear)
    LCD_Color_DrawPoint                      0x08000895   Thumb Code    58  lcd.o(i.LCD_Color_DrawPoint)
    LCD_DisplayChar                          0x080008e1   Thumb Code   230  lcd.o(i.LCD_DisplayChar)
    LCD_DisplayString                        0x080009e5   Thumb Code    64  lcd.o(i.LCD_DisplayString)
    LCD_Display_Dir                          0x08000a29   Thumb Code    68  lcd.o(i.LCD_Display_Dir)
    LCD_FSMC_Config                          0x08000a75   Thumb Code   528  lcd.o(i.LCD_FSMC_Config)
    LCD_Init                                 0x08000c91   Thumb Code   560  lcd.o(i.LCD_Init)
    LCD_SetCursor                            0x08000ecd   Thumb Code    42  lcd.o(i.LCD_SetCursor)
    LCD_WriteRAM_Prepare                     0x08000f05   Thumb Code    12  lcd.o(i.LCD_WriteRAM_Prepare)
    LCD_WriteReg                             0x08000f15   Thumb Code    12  lcd.o(i.LCD_WriteReg)
    MemManage_Handler                        0x08000f25   Thumb Code     4  stm32f4xx_it.o(i.MemManage_Handler)
    NMI_Handler                              0x08000f29   Thumb Code     2  stm32f4xx_it.o(i.NMI_Handler)
    PWR_BackupAccessCmd                      0x08000f2d   Thumb Code     6  stm32f4xx_pwr.o(i.PWR_BackupAccessCmd)
    PendSV_Handler                           0x08000f39   Thumb Code     2  stm32f4xx_it.o(i.PendSV_Handler)
    RCC_AHB1PeriphClockCmd                   0x08000f3d   Thumb Code    26  stm32f4xx_rcc.o(i.RCC_AHB1PeriphClockCmd)
    RCC_AHB3PeriphClockCmd                   0x08000f5d   Thumb Code    26  stm32f4xx_rcc.o(i.RCC_AHB3PeriphClockCmd)
    RCC_APB2PeriphClockCmd                   0x08000f7d   Thumb Code    26  stm32f4xx_rcc.o(i.RCC_APB2PeriphClockCmd)
    RCC_GetClocksFreq                        0x08000f9d   Thumb Code   214  stm32f4xx_rcc.o(i.RCC_GetClocksFreq)
    RCC_GetFlagStatus                        0x08001085   Thumb Code    60  stm32f4xx_rcc.o(i.RCC_GetFlagStatus)
    RCC_LSEConfig                            0x080010c5   Thumb Code    40  stm32f4xx_rcc.o(i.RCC_LSEConfig)
    RCC_RTCCLKCmd                            0x080010f1   Thumb Code     6  stm32f4xx_rcc.o(i.RCC_RTCCLKCmd)
    RCC_RTCCLKConfig                         0x080010fd   Thumb Code    50  stm32f4xx_rcc.o(i.RCC_RTCCLKConfig)
    RTC_EnterInitMode                        0x0800116d   Thumb Code    76  stm32f4xx_rtc.o(i.RTC_EnterInitMode)
    RTC_ExitInitMode                         0x080011bd   Thumb Code    14  stm32f4xx_rtc.o(i.RTC_ExitInitMode)
    RTC_GetDate                              0x080011d1   Thumb Code    68  stm32f4xx_rtc.o(i.RTC_GetDate)
    RTC_GetTime                              0x0800121d   Thumb Code    72  stm32f4xx_rtc.o(i.RTC_GetTime)
    RTC_Init                                 0x0800126d   Thumb Code    94  stm32f4xx_rtc.o(i.RTC_Init)
    RTC_ReadBackupRegister                   0x080012d1   Thumb Code    26  stm32f4xx_rtc.o(i.RTC_ReadBackupRegister)
    RTC_SetDate                              0x080012f1   Thumb Code   190  stm32f4xx_rtc.o(i.RTC_SetDate)
    RTC_SetTime                              0x080013b9   Thumb Code   198  stm32f4xx_rtc.o(i.RTC_SetTime)
    RTC_WaitForSynchro                       0x08001489   Thumb Code    92  stm32f4xx_rtc.o(i.RTC_WaitForSynchro)
    RTC_WriteBackupRegister                  0x080014e9   Thumb Code    24  stm32f4xx_rtc.o(i.RTC_WriteBackupRegister)
    SVC_Handler                              0x08001505   Thumb Code     2  stm32f4xx_it.o(i.SVC_Handler)
    SysTick_CLKSourceConfig                  0x080015f5   Thumb Code    40  misc.o(i.SysTick_CLKSourceConfig)
    SysTick_Handler                          0x0800161d   Thumb Code     2  stm32f4xx_it.o(i.SysTick_Handler)
    SystemInit                               0x08001621   Thumb Code    88  system_stm32f4xx.o(i.SystemInit)
    USART_Cmd                                0x08001689   Thumb Code    24  stm32f4xx_usart.o(i.USART_Cmd)
    USART_GetFlagStatus                      0x080016a1   Thumb Code    26  stm32f4xx_usart.o(i.USART_GetFlagStatus)
    USART_Init                               0x080016bd   Thumb Code   204  stm32f4xx_usart.o(i.USART_Init)
    USART_SendData                           0x08001791   Thumb Code     8  stm32f4xx_usart.o(i.USART_SendData)
    USARTx_Config                            0x08001799   Thumb Code   142  bsp_usart.o(i.USARTx_Config)
    UsageFault_Handler                       0x08001831   Thumb Code     4  stm32f4xx_it.o(i.UsageFault_Handler)
    __0printf$6                              0x08001835   Thumb Code    22  printf6.o(i.__0printf$6)
    __1printf$6                              0x08001835   Thumb Code     0  printf6.o(i.__0printf$6)
    __2printf                                0x08001835   Thumb Code     0  printf6.o(i.__0printf$6)
    __0sprintf$6                             0x08001855   Thumb Code    34  printf6.o(i.__0sprintf$6)
    __1sprintf$6                             0x08001855   Thumb Code     0  printf6.o(i.__0sprintf$6)
    __2sprintf                               0x08001855   Thumb Code     0  printf6.o(i.__0sprintf$6)
    __scatterload_copy                       0x0800187d   Thumb Code    14  handlers.o(i.__scatterload_copy)
    __scatterload_null                       0x0800188b   Thumb Code     2  handlers.o(i.__scatterload_null)
    __scatterload_zeroinit                   0x0800188d   Thumb Code    14  handlers.o(i.__scatterload_zeroinit)
    adc_pm_init                              0x08001be9   Thumb Code   138  adc_pm.o(i.adc_pm_init)
    adc_pm_start                             0x08001c7d   Thumb Code    10  adc_pm.o(i.adc_pm_start)
    adc_pm_wait                              0x08001c8d   Thumb Code    18  adc_pm.o(i.adc_pm_wait)
    button_init                              0x08001ca5   Thumb Code    50  button.o(i.button_init)
    buzzer_init                              0x08001ce1   Thumb Code    56  buzzer.o(i.buzzer_init)
    delay_ms                                 0x08001d1d   Thumb Code    56  systick.o(i.delay_ms)
    delay_us                                 0x08001d55   Thumb Code    72  systick.o(i.delay_us)
    delay_xms                                0x08001da1   Thumb Code    72  systick.o(i.delay_xms)
    dht_init                                 0x08001ded   Thumb Code    12  dht.o(i.dht_init)
    dht_input_state                          0x08001df9   Thumb Code    12  dht.o(i.dht_input_state)
    dht_output_state                         0x08001e09   Thumb Code    28  dht.o(i.dht_output_state)
    ds_input_state                           0x08001e29   Thumb Code    12  ds_gpio.o(i.ds_input_state)
    ds_output_state                          0x08001e39   Thumb Code    28  ds_gpio.o(i.ds_output_state)
    fputc                                    0x08001e59   Thumb Code    32  bsp_usart.o(i.fputc)
    get_adc_pm_value                         0x08001e7d   Thumb Code    10  adc_pm.o(i.get_adc_pm_value)
    get_button_status                        0x08001e8d   Thumb Code    86  button.o(i.get_button_status)
    get_buzzer_status                        0x08001eed   Thumb Code    12  buzzer.o(i.get_buzzer_status)
    get_dht_value                            0x08001efd   Thumb Code   174  dht.o(i.get_dht_value)
    get_led_status                           0x08001fad   Thumb Code    60  led.o(i.get_led_status)
    get_pm_value                             0x08001ff1   Thumb Code    56  pm.o(i.get_pm_value)
    get_relay_status                         0x08002031   Thumb Code    58  relay.o(i.get_relay_status)
    get_temperature                          0x08002075   Thumb Code    74  ds18b20.o(i.get_temperature)
    get_time                                 0x080020bf   Thumb Code    64  rtc.o(i.get_time)
    lcd_dis_page01                           0x08002101   Thumb Code  1592  main.o(i.lcd_dis_page01)
    led_init                                 0x08002739   Thumb Code    80  led.o(i.led_init)
    led_on                                   0x08002791   Thumb Code    52  led.o(i.led_on)
    main                                     0x080027cd   Thumb Code    76  main.o(i.main)
    pm_init                                  0x08002841   Thumb Code    52  pm.o(i.pm_init)
    relay_init                               0x0800287d   Thumb Code    78  relay.o(i.relay_init)
    relay_on                                 0x080028e1   Thumb Code    42  relay.o(i.relay_on)
    rtc_init                                 0x08002915   Thumb Code    98  rtc.o(i.rtc_init)
    set_dht_gpio_input                       0x08002979   Thumb Code    28  dht.o(i.set_dht_gpio_input)
    set_dht_gpio_output                      0x08002999   Thumb Code    40  dht.o(i.set_dht_gpio_output)
    set_ds_gpio_input                        0x080029c5   Thumb Code    38  ds_gpio.o(i.set_ds_gpio_input)
    set_ds_gpio_output                       0x080029f1   Thumb Code    50  ds_gpio.o(i.set_ds_gpio_output)
    set_time                                 0x08002a29   Thumb Code    64  rtc.o(i.set_time)
    systick_init                             0x08002a69   Thumb Code    42  systick.o(i.systick_init)
    tem_to_string                            0x08002a9d   Thumb Code   246  ds18b20.o(i.tem_to_string)
    zhong                                    0x08002b92   Data         128  lcd.o(.constdata)
    guo                                      0x08002c12   Data         128  lcd.o(.constdata)
    zhang                                    0x08002c92   Data         128  lcd.o(.constdata)
    wei                                      0x08002d12   Data         128  lcd.o(.constdata)
    otherChar_1212                           0x08002d92   Data          24  lcd.o(.constdata)
    otherChar_1616                           0x08002daa   Data          32  lcd.o(.constdata)
    otherChar_2424                           0x08002dca   Data          72  lcd.o(.constdata)
    char_1206                                0x08002e12   Data        1140  lcd.o(.constdata)
    char_1608                                0x08003286   Data        1520  lcd.o(.constdata)
    char_2412                                0x08003876   Data        3420  lcd.o(.constdata)
    Region$$Table$$Base                      0x080045f0   Number         0  anon$$obj.o(Region$$Table)
    Region$$Table$$Limit                     0x08004610   Number         0  anon$$obj.o(Region$$Table)
    handler0                                 0x20000010   Data           4  but_eint.o(.data)
    handler1                                 0x20000014   Data           4  but_eint.o(.data)
    handler2                                 0x20000018   Data           4  but_eint.o(.data)
    handler3                                 0x2000001c   Data           4  but_eint.o(.data)
    BRUSH_COLOR                              0x20000024   Data           2  lcd.o(.data)
    BACK_COLOR                               0x20000026   Data           2  lcd.o(.data)
    lcd_id                                   0x20000028   Data           2  lcd.o(.data)
    lcd_width                                0x2000002a   Data           2  lcd.o(.data)
    lcd_height                               0x2000002c   Data           2  lcd.o(.data)
    write_gramcmd                            0x2000002e   Data           2  lcd.o(.data)
    read_gramcmd                             0x20000030   Data           2  lcd.o(.data)
    setxcmd                                  0x20000032   Data           2  lcd.o(.data)
    setycmd                                  0x20000034   Data           2  lcd.o(.data)
    __stdout                                 0x20000038   Data           4  stdout.o(.data)
    __initial_sp                             0x20000440   Data           0  startup_stm32f40_41xxx.o(STACK)



==============================================================================

Memory Map of the image

  Image Entry point : 0x08000189

  Load Region LR_IROM1 (Base: 0x08000000, Size: 0x0000464c, Max: 0x00100000, ABSOLUTE)

    Execution Region ER_IROM1 (Exec base: 0x08000000, Load base: 0x08000000, Size: 0x00004610, Max: 0x00100000, ABSOLUTE)

    Exec Addr    Load Addr    Size         Type   Attr      Idx    E Section Name        Object

    0x08000000   0x08000000   0x00000188   Data   RO            3    RESET               startup_stm32f40_41xxx.o
    0x08000188   0x08000188   0x00000000   Code   RO         3258  * .ARM.Collect$$$$00000000  mc_w.l(entry.o)
    0x08000188   0x08000188   0x00000004   Code   RO         3528    .ARM.Collect$$$$00000001  mc_w.l(entry2.o)
    0x0800018c   0x0800018c   0x00000004   Code   RO         3531    .ARM.Collect$$$$00000004  mc_w.l(entry5.o)
    0x08000190   0x08000190   0x00000000   Code   RO         3533    .ARM.Collect$$$$00000008  mc_w.l(entry7b.o)
    0x08000190   0x08000190   0x00000000   Code   RO         3535    .ARM.Collect$$$$0000000A  mc_w.l(entry8b.o)
    0x08000190   0x08000190   0x00000008   Code   RO         3536    .ARM.Collect$$$$0000000B  mc_w.l(entry9a.o)
    0x08000198   0x08000198   0x00000000   Code   RO         3538    .ARM.Collect$$$$0000000D  mc_w.l(entry10a.o)
    0x08000198   0x08000198   0x00000000   Code   RO         3540    .ARM.Collect$$$$0000000F  mc_w.l(entry11a.o)
    0x08000198   0x08000198   0x00000004   Code   RO         3529    .ARM.Collect$$$$00002712  mc_w.l(entry2.o)
    0x0800019c   0x0800019c   0x00000024   Code   RO            4    .text               startup_stm32f40_41xxx.o
    0x080001c0   0x080001c0   0x00000024   Code   RO         3261    .text               mc_w.l(memcpya.o)
    0x080001e4   0x080001e4   0x00000024   Code   RO         3263    .text               mc_w.l(memseta.o)
    0x08000208   0x08000208   0x0000002c   Code   RO         3543    .text               mc_w.l(uidiv.o)
    0x08000234   0x08000234   0x00000024   Code   RO         3558    .text               mc_w.l(init.o)
    0x08000258   0x08000258   0x00000016   Code   RO          845    i.ADC_Cmd           stm32f4xx_adc.o
    0x0800026e   0x0800026e   0x00000002   PAD
    0x08000270   0x08000270   0x00000030   Code   RO          846    i.ADC_CommonInit    stm32f4xx_adc.o
    0x080002a0   0x080002a0   0x00000008   Code   RO          857    i.ADC_GetConversionValue  stm32f4xx_adc.o
    0x080002a8   0x080002a8   0x00000012   Code   RO          858    i.ADC_GetFlagStatus  stm32f4xx_adc.o
    0x080002ba   0x080002ba   0x00000002   PAD
    0x080002bc   0x080002bc   0x00000054   Code   RO          865    i.ADC_Init          stm32f4xx_adc.o
    0x08000310   0x08000310   0x000000b8   Code   RO          870    i.ADC_RegularChannelConfig  stm32f4xx_adc.o
    0x080003c8   0x080003c8   0x0000000a   Code   RO          872    i.ADC_SoftwareStartConv  stm32f4xx_adc.o
    0x080003d2   0x080003d2   0x00000004   Code   RO         3186    i.BusFault_Handler  stm32f4xx_it.o
    0x080003d6   0x080003d6   0x00000044   Code   RO         2479    i.DS1820_ReadData   ds18b20.o
    0x0800041a   0x0800041a   0x0000002e   Code   RO         2480    i.DS1820_Reset      ds18b20.o
    0x08000448   0x08000448   0x00000034   Code   RO         2481    i.DS1820_WriteData  ds18b20.o
    0x0800047c   0x0800047c   0x0000002a   Code   RO         2482    i.DS18B20_Init      ds18b20.o
    0x080004a6   0x080004a6   0x00000002   Code   RO         3187    i.DebugMon_Handler  stm32f4xx_it.o
    0x080004a8   0x080004a8   0x00000074   Code   RO         2284    i.EXTI9_5_IRQHandler  but_eint.o
    0x0800051c   0x0800051c   0x0000000c   Code   RO         1086    i.EXTI_ClearITPendingBit  stm32f4xx_exti.o
    0x08000528   0x08000528   0x00000018   Code   RO         1090    i.EXTI_GetITStatus  stm32f4xx_exti.o
    0x08000540   0x08000540   0x00000034   Code   RO         1802    i.FSMC_NORSRAMCmd   stm32f4xx_fsmc.o
    0x08000574   0x08000574   0x00000124   Code   RO         1804    i.FSMC_NORSRAMInit  stm32f4xx_fsmc.o
    0x08000698   0x08000698   0x00000090   Code   RO          208    i.GPIO_Init         stm32f4xx_gpio.o
    0x08000728   0x08000728   0x00000046   Code   RO          209    i.GPIO_PinAFConfig  stm32f4xx_gpio.o
    0x0800076e   0x0800076e   0x00000012   Code   RO          212    i.GPIO_ReadInputDataBit  stm32f4xx_gpio.o
    0x08000780   0x08000780   0x00000012   Code   RO          214    i.GPIO_ReadOutputDataBit  stm32f4xx_gpio.o
    0x08000792   0x08000792   0x00000004   Code   RO          215    i.GPIO_ResetBits    stm32f4xx_gpio.o
    0x08000796   0x08000796   0x00000004   Code   RO          216    i.GPIO_SetBits      stm32f4xx_gpio.o
    0x0800079a   0x0800079a   0x00000004   Code   RO         3188    i.HardFault_Handler  stm32f4xx_it.o
    0x0800079e   0x0800079e   0x00000002   PAD
    0x080007a0   0x080007a0   0x000000b8   Code   RO         2932    i.LCD_AUTOScan_Dir  lcd.o
    0x08000858   0x08000858   0x0000003c   Code   RO         2933    i.LCD_Clear         lcd.o
    0x08000894   0x08000894   0x0000004c   Code   RO         2934    i.LCD_Color_DrawPoint  lcd.o
    0x080008e0   0x080008e0   0x00000104   Code   RO         2935    i.LCD_DisplayChar   lcd.o
    0x080009e4   0x080009e4   0x00000044   Code   RO         2942    i.LCD_DisplayString  lcd.o
    0x08000a28   0x08000a28   0x0000004c   Code   RO         2944    i.LCD_Display_Dir   lcd.o
    0x08000a74   0x08000a74   0x0000021c   Code   RO         2951    i.LCD_FSMC_Config   lcd.o
    0x08000c90   0x08000c90   0x0000023c   Code   RO         2954    i.LCD_Init          lcd.o
    0x08000ecc   0x08000ecc   0x00000038   Code   RO         2957    i.LCD_SetCursor     lcd.o
    0x08000f04   0x08000f04   0x00000010   Code   RO         2959    i.LCD_WriteRAM_Prepare  lcd.o
    0x08000f14   0x08000f14   0x00000010   Code   RO         2960    i.LCD_WriteReg      lcd.o
    0x08000f24   0x08000f24   0x00000004   Code   RO         3189    i.MemManage_Handler  stm32f4xx_it.o
    0x08000f28   0x08000f28   0x00000002   Code   RO         3190    i.NMI_Handler       stm32f4xx_it.o
    0x08000f2a   0x08000f2a   0x00000002   PAD
    0x08000f2c   0x08000f2c   0x0000000c   Code   RO         1986    i.PWR_BackupAccessCmd  stm32f4xx_pwr.o
    0x08000f38   0x08000f38   0x00000002   Code   RO         3191    i.PendSV_Handler    stm32f4xx_it.o
    0x08000f3a   0x08000f3a   0x00000002   PAD
    0x08000f3c   0x08000f3c   0x00000020   Code   RO          501    i.RCC_AHB1PeriphClockCmd  stm32f4xx_rcc.o
    0x08000f5c   0x08000f5c   0x00000020   Code   RO          507    i.RCC_AHB3PeriphClockCmd  stm32f4xx_rcc.o
    0x08000f7c   0x08000f7c   0x00000020   Code   RO          513    i.RCC_APB2PeriphClockCmd  stm32f4xx_rcc.o
    0x08000f9c   0x08000f9c   0x000000e8   Code   RO          522    i.RCC_GetClocksFreq  stm32f4xx_rcc.o
    0x08001084   0x08001084   0x00000040   Code   RO          523    i.RCC_GetFlagStatus  stm32f4xx_rcc.o
    0x080010c4   0x080010c4   0x0000002c   Code   RO          531    i.RCC_LSEConfig     stm32f4xx_rcc.o
    0x080010f0   0x080010f0   0x0000000c   Code   RO          545    i.RCC_RTCCLKCmd     stm32f4xx_rcc.o
    0x080010fc   0x080010fc   0x0000003c   Code   RO          546    i.RCC_RTCCLKConfig  stm32f4xx_rcc.o
    0x08001138   0x08001138   0x00000016   Code   RO         1382    i.RTC_Bcd2ToByte    stm32f4xx_rtc.o
    0x0800114e   0x0800114e   0x0000001c   Code   RO         1384    i.RTC_ByteToBcd2    stm32f4xx_rtc.o
    0x0800116a   0x0800116a   0x00000002   PAD
    0x0800116c   0x0800116c   0x00000050   Code   RO         1394    i.RTC_EnterInitMode  stm32f4xx_rtc.o
    0x080011bc   0x080011bc   0x00000014   Code   RO         1395    i.RTC_ExitInitMode  stm32f4xx_rtc.o
    0x080011d0   0x080011d0   0x0000004c   Code   RO         1398    i.RTC_GetDate       stm32f4xx_rtc.o
    0x0800121c   0x0800121c   0x00000050   Code   RO         1403    i.RTC_GetTime       stm32f4xx_rtc.o
    0x0800126c   0x0800126c   0x00000064   Code   RO         1408    i.RTC_Init          stm32f4xx_rtc.o
    0x080012d0   0x080012d0   0x00000020   Code   RO         1411    i.RTC_ReadBackupRegister  stm32f4xx_rtc.o
    0x080012f0   0x080012f0   0x000000c8   Code   RO         1414    i.RTC_SetDate       stm32f4xx_rtc.o
    0x080013b8   0x080013b8   0x000000d0   Code   RO         1415    i.RTC_SetTime       stm32f4xx_rtc.o
    0x08001488   0x08001488   0x00000060   Code   RO         1431    i.RTC_WaitForSynchro  stm32f4xx_rtc.o
    0x080014e8   0x080014e8   0x0000001c   Code   RO         1434    i.RTC_WriteBackupRegister  stm32f4xx_rtc.o
    0x08001504   0x08001504   0x00000002   Code   RO         3192    i.SVC_Handler       stm32f4xx_it.o
    0x08001506   0x08001506   0x00000002   PAD
    0x08001508   0x08001508   0x000000ec   Code   RO           13    i.SetSysClock       system_stm32f4xx.o
    0x080015f4   0x080015f4   0x00000028   Code   RO          159    i.SysTick_CLKSourceConfig  misc.o
    0x0800161c   0x0800161c   0x00000002   Code   RO         3193    i.SysTick_Handler   stm32f4xx_it.o
    0x0800161e   0x0800161e   0x00000002   PAD
    0x08001620   0x08001620   0x00000068   Code   RO           15    i.SystemInit        system_stm32f4xx.o
    0x08001688   0x08001688   0x00000018   Code   RO          313    i.USART_Cmd         stm32f4xx_usart.o
    0x080016a0   0x080016a0   0x0000001a   Code   RO          316    i.USART_GetFlagStatus  stm32f4xx_usart.o
    0x080016ba   0x080016ba   0x00000002   PAD
    0x080016bc   0x080016bc   0x000000d4   Code   RO          320    i.USART_Init        stm32f4xx_usart.o
    0x08001790   0x08001790   0x00000008   Code   RO          330    i.USART_SendData    stm32f4xx_usart.o
    0x08001798   0x08001798   0x00000098   Code   RO         2210    i.USARTx_Config     bsp_usart.o
    0x08001830   0x08001830   0x00000004   Code   RO         3194    i.UsageFault_Handler  stm32f4xx_it.o
    0x08001834   0x08001834   0x00000020   Code   RO         3422    i.__0printf$6       mc_w.l(printf6.o)
    0x08001854   0x08001854   0x00000028   Code   RO         3424    i.__0sprintf$6      mc_w.l(printf6.o)
    0x0800187c   0x0800187c   0x0000000e   Code   RO         3570    i.__scatterload_copy  mc_w.l(handlers.o)
    0x0800188a   0x0800188a   0x00000002   Code   RO         3571    i.__scatterload_null  mc_w.l(handlers.o)
    0x0800188c   0x0800188c   0x0000000e   Code   RO         3572    i.__scatterload_zeroinit  mc_w.l(handlers.o)
    0x0800189a   0x0800189a   0x00000002   PAD
    0x0800189c   0x0800189c   0x000002f0   Code   RO         3429    i._printf_core      mc_w.l(printf6.o)
    0x08001b8c   0x08001b8c   0x00000024   Code   RO         3430    i._printf_post_padding  mc_w.l(printf6.o)
    0x08001bb0   0x08001bb0   0x0000002e   Code   RO         3431    i._printf_pre_padding  mc_w.l(printf6.o)
    0x08001bde   0x08001bde   0x0000000a   Code   RO         3433    i._sputc            mc_w.l(printf6.o)
    0x08001be8   0x08001be8   0x00000094   Code   RO         2570    i.adc_pm_init       adc_pm.o
    0x08001c7c   0x08001c7c   0x00000010   Code   RO         2571    i.adc_pm_start      adc_pm.o
    0x08001c8c   0x08001c8c   0x00000018   Code   RO         2572    i.adc_pm_wait       adc_pm.o
    0x08001ca4   0x08001ca4   0x0000003c   Code   RO         2250    i.button_init       button.o
    0x08001ce0   0x08001ce0   0x0000003c   Code   RO         2330    i.buzzer_init       buzzer.o
    0x08001d1c   0x08001d1c   0x00000038   Code   RO         2738    i.delay_ms          systick.o
    0x08001d54   0x08001d54   0x0000004c   Code   RO         2739    i.delay_us          systick.o
    0x08001da0   0x08001da0   0x0000004c   Code   RO         2740    i.delay_xms         systick.o
    0x08001dec   0x08001dec   0x0000000c   Code   RO         2376    i.dht_init          dht.o
    0x08001df8   0x08001df8   0x00000010   Code   RO         2377    i.dht_input_state   dht.o
    0x08001e08   0x08001e08   0x00000020   Code   RO         2378    i.dht_output_state  dht.o
    0x08001e28   0x08001e28   0x00000010   Code   RO         2434    i.ds_input_state    ds_gpio.o
    0x08001e38   0x08001e38   0x00000020   Code   RO         2435    i.ds_output_state   ds_gpio.o
    0x08001e58   0x08001e58   0x00000024   Code   RO         2212    i.fputc             bsp_usart.o
    0x08001e7c   0x08001e7c   0x00000010   Code   RO         2573    i.get_adc_pm_value  adc_pm.o
    0x08001e8c   0x08001e8c   0x00000060   Code   RO         2251    i.get_button_status  button.o
    0x08001eec   0x08001eec   0x00000010   Code   RO         2333    i.get_buzzer_status  buzzer.o
    0x08001efc   0x08001efc   0x000000ae   Code   RO         2379    i.get_dht_value     dht.o
    0x08001faa   0x08001faa   0x00000002   PAD
    0x08001fac   0x08001fac   0x00000044   Code   RO         2100    i.get_led_status    led.o
    0x08001ff0   0x08001ff0   0x00000040   Code   RO         2619    i.get_pm_value      pm.o
    0x08002030   0x08002030   0x00000044   Code   RO         2656    i.get_relay_status  relay.o
    0x08002074   0x08002074   0x0000004a   Code   RO         2483    i.get_temperature   ds18b20.o
    0x080020be   0x080020be   0x00000040   Code   RO         2702    i.get_time          rtc.o
    0x080020fe   0x080020fe   0x00000002   PAD
    0x08002100   0x08002100   0x00000638   Code   RO         3151    i.lcd_dis_page01    main.o
    0x08002738   0x08002738   0x00000058   Code   RO         2101    i.led_init          led.o
    0x08002790   0x08002790   0x0000003c   Code   RO         2103    i.led_on            led.o
    0x080027cc   0x080027cc   0x00000074   Code   RO         3152    i.main              main.o
    0x08002840   0x08002840   0x0000003c   Code   RO         2620    i.pm_init           pm.o
    0x0800287c   0x0800287c   0x00000064   Code   RO         2657    i.relay_init        relay.o
    0x080028e0   0x080028e0   0x00000034   Code   RO         2659    i.relay_on          relay.o
    0x08002914   0x08002914   0x00000062   Code   RO         2703    i.rtc_init          rtc.o
    0x08002976   0x08002976   0x00000002   PAD
    0x08002978   0x08002978   0x00000020   Code   RO         2380    i.set_dht_gpio_input  dht.o
    0x08002998   0x08002998   0x0000002c   Code   RO         2381    i.set_dht_gpio_output  dht.o
    0x080029c4   0x080029c4   0x0000002c   Code   RO         2436    i.set_ds_gpio_input  ds_gpio.o
    0x080029f0   0x080029f0   0x00000038   Code   RO         2437    i.set_ds_gpio_output  ds_gpio.o
    0x08002a28   0x08002a28   0x00000040   Code   RO         2704    i.set_time          rtc.o
    0x08002a68   0x08002a68   0x00000034   Code   RO         2741    i.systick_init      systick.o
    0x08002a9c   0x08002a9c   0x000000f6   Code   RO         2484    i.tem_to_string     ds18b20.o
    0x08002b92   0x08002b92   0x00001a40   Data   RO         2963    .constdata          lcd.o
    0x080045d2   0x080045d2   0x00000002   PAD
    0x080045d4   0x080045d4   0x0000001c   Data   RO         3153    .constdata          main.o
    0x080045f0   0x080045f0   0x00000020   Data   RO         3568    Region$$Table       anon$$obj.o


    Execution Region RW_IRAM1 (Exec base: 0x20000000, Load base: 0x08004610, Size: 0x00000440, Max: 0x00020000, ABSOLUTE)

    Exec Addr    Load Addr    Size         Type   Attr      Idx    E Section Name        Object

    0x20000000   0x08004610   0x00000010   Data   RW          554    .data               stm32f4xx_rcc.o
    0x20000010   0x08004620   0x00000010   Data   RW         2287    .data               but_eint.o
    0x20000020   0x08004630   0x00000004   Data   RW         2742    .data               systick.o
    0x20000024   0x08004634   0x00000012   Data   RW         2964    .data               lcd.o
    0x20000036   0x08004646   0x00000002   PAD
    0x20000038   0x08004648   0x00000004   Data   RW         3542    .data               mc_w.l(stdout.o)
    0x2000003c   0x0800464c   0x00000004   PAD
    0x20000040        -       0x00000400   Zero   RW            1    STACK               startup_stm32f40_41xxx.o


==============================================================================

Image component sizes


      Code (inc. data)   RO Data    RW Data    ZI Data      Debug   Object Name

       204         28          0          0          0       2374   adc_pm.o
       188         14          0          0          0       3164   bsp_usart.o
       116         16          0         16          0       1423   but_eint.o
       156         20          0          0          0       1322   button.o
        76          8          0          0          0       1174   buzzer.o
       310         16          0          0          0       3795   dht.o
       528          0          0          0          0       4093   ds18b20.o
       148         20          0          0          0       2408   ds_gpio.o
      1924        146       6720         18          0      10051   lcd.o
       216         24          0          0          0       2269   led.o
      1708        622         28          0          0       2192   main.o
        40          0          0          0          0        606   misc.o
       124         16          0          0          0       1173   pm.o
       220         42          0          0          0       1863   relay.o
       226          0          0          0          0       2389   rtc.o
        36          8        392          0       1024        940   startup_stm32f40_41xxx.o
       374         24          0          0          0       6218   stm32f4xx_adc.o
        36         10          0          0          0       1268   stm32f4xx_exti.o
       344         16          0          0          0       2337   stm32f4xx_fsmc.o
       258          0          0          0          0       4764   stm32f4xx_gpio.o
        26          0          0          0          0       4638   stm32f4xx_it.o
        12          6          0          0          0        598   stm32f4xx_pwr.o
       508         60          0         16          0       7770   stm32f4xx_rcc.o
       970         66          0          0          0       9682   stm32f4xx_rtc.o
       270          8          0          0          0       3732   stm32f4xx_usart.o
       340         32          0          0          0     308941   system_stm32f4xx.o
       260         18          0          4          0       2765   systick.o

    ----------------------------------------------------------------------
      9642       1220       7174         56       1024     393949   Object Totals
         0          0         32          0          0          0   (incl. Generated)
        24          0          2          2          0          0   (incl. Padding)

    ----------------------------------------------------------------------

      Code (inc. data)   RO Data    RW Data    ZI Data      Debug   Library Member Name

         0          0          0          0          0          0   entry.o
         0          0          0          0          0          0   entry10a.o
         0          0          0          0          0          0   entry11a.o
         8          4          0          0          0          0   entry2.o
         4          0          0          0          0          0   entry5.o
         0          0          0          0          0          0   entry7b.o
         0          0          0          0          0          0   entry8b.o
         8          4          0          0          0          0   entry9a.o
        30          0          0          0          0          0   handlers.o
        36          8          0          0          0         68   init.o
        36          0          0          0          0         68   memcpya.o
        36          0          0          0          0        108   memseta.o
       916         20          0          0          0        504   printf6.o
         0          0          0          4          0          0   stdout.o
        44          0          0          0          0         80   uidiv.o

    ----------------------------------------------------------------------
      1120         36          0          4          4        828   Library Totals
         2          0          0          0          4          0   (incl. Padding)

    ----------------------------------------------------------------------

      Code (inc. data)   RO Data    RW Data    ZI Data      Debug   Library Name

      1118         36          0          4          0        828   mc_w.l

    ----------------------------------------------------------------------
      1120         36          0          4          4        828   Library Totals

    ----------------------------------------------------------------------

==============================================================================


      Code (inc. data)   RO Data    RW Data    ZI Data      Debug   

     10762       1256       7174         60       1028     384317   Grand Totals
     10762       1256       7174         60       1028     384317   ELF Image Totals
     10762       1256       7174         60          0          0   ROM Totals

==============================================================================

    Total RO  Size (Code + RO Data)                17936 (  17.52kB)
    Total RW  Size (RW Data + ZI Data)              1088 (   1.06kB)
    Total ROM Size (Code + RO Data + RW Data)      17996 (  17.57kB)

==============================================================================

